Component: ARM Compiler 5.06 update 6 (build 750) Tool: armlink [4d35ed]

==============================================================================

Section Cross References

    startup_stm32f10x_hd.o(STACK) refers (Special) to heapauxi.o(.text) for __use_two_region_memory
    startup_stm32f10x_hd.o(HEAP) refers (Special) to heapauxi.o(.text) for __use_two_region_memory
    startup_stm32f10x_hd.o(RESET) refers (Special) to heapauxi.o(.text) for __use_two_region_memory
    startup_stm32f10x_hd.o(RESET) refers to startup_stm32f10x_hd.o(STACK) for __initial_sp
    startup_stm32f10x_hd.o(RESET) refers to startup_stm32f10x_hd.o(.text) for Reset_Handler
    startup_stm32f10x_hd.o(RESET) refers to stm32f10x_it.o(i.NMI_Handler) for NMI_Handler
    startup_stm32f10x_hd.o(RESET) refers to stm32f10x_it.o(i.HardFault_Handler) for HardFault_Handler
    startup_stm32f10x_hd.o(RESET) refers to stm32f10x_it.o(i.MemManage_Handler) for MemManage_Handler
    startup_stm32f10x_hd.o(RESET) refers to stm32f10x_it.o(i.BusFault_Handler) for BusFault_Handler
    startup_stm32f10x_hd.o(RESET) refers to stm32f10x_it.o(i.UsageFault_Handler) for UsageFault_Handler
    startup_stm32f10x_hd.o(RESET) refers to stm32f10x_it.o(i.SVC_Handler) for SVC_Handler
    startup_stm32f10x_hd.o(RESET) refers to stm32f10x_it.o(i.DebugMon_Handler) for DebugMon_Handler
    startup_stm32f10x_hd.o(RESET) refers to stm32f10x_it.o(i.PendSV_Handler) for PendSV_Handler
    startup_stm32f10x_hd.o(RESET) refers to stm32f10x_it.o(i.SysTick_Handler) for SysTick_Handler
    startup_stm32f10x_hd.o(RESET) refers to rtc.o(i.RTC_IRQHandler) for RTC_IRQHandler
    startup_stm32f10x_hd.o(RESET) refers to main.o(i.TIM2_IRQHandler) for TIM2_IRQHandler
    startup_stm32f10x_hd.o(RESET) refers to main.o(i.TIM3_IRQHandler) for TIM3_IRQHandler
    startup_stm32f10x_hd.o(RESET) refers to usmart.o(i.TIM4_IRQHandler) for TIM4_IRQHandler
    startup_stm32f10x_hd.o(RESET) refers to usart.o(i.USART1_IRQHandler) for USART1_IRQHandler
    startup_stm32f10x_hd.o(.text) refers (Special) to heapauxi.o(.text) for __use_two_region_memory
    startup_stm32f10x_hd.o(.text) refers to system_stm32f10x.o(i.SystemInit) for SystemInit
    startup_stm32f10x_hd.o(.text) refers to __main.o(!!!main) for __main
    startup_stm32f10x_hd.o(.text) refers to startup_stm32f10x_hd.o(HEAP) for Heap_Mem
    startup_stm32f10x_hd.o(.text) refers to startup_stm32f10x_hd.o(STACK) for Stack_Mem
    beep.o(i.BEEP_Init) refers to stm32f10x_rcc.o(i.RCC_APB2PeriphClockCmd) for RCC_APB2PeriphClockCmd
    beep.o(i.BEEP_Init) refers to stm32f10x_gpio.o(i.GPIO_Init) for GPIO_Init
    beep.o(i.BEEP_Init) refers to stm32f10x_gpio.o(i.GPIO_SetBits) for GPIO_SetBits
    dcmotor.o(i.DCMOTOR_Init) refers to stm32f10x_rcc.o(i.RCC_APB2PeriphClockCmd) for RCC_APB2PeriphClockCmd
    dcmotor.o(i.DCMOTOR_Init) refers to stm32f10x_gpio.o(i.GPIO_Init) for GPIO_Init
    dcmotor.o(i.DCMOTOR_Init1) refers to stm32f10x_rcc.o(i.RCC_APB2PeriphClockCmd) for RCC_APB2PeriphClockCmd
    dcmotor.o(i.DCMOTOR_Init1) refers to stm32f10x_gpio.o(i.GPIO_Init) for GPIO_Init
    dcmotor.o(i.DCMOTOR_Init1) refers to stm32f10x_gpio.o(i.GPIO_ResetBits) for GPIO_ResetBits
    lcd.o(i.LCD_Clear) refers to lcd.o(i.LCD_SetCursor) for LCD_SetCursor
    lcd.o(i.LCD_Clear) refers to lcd.o(i.LCD_WriteRAM_Prepare) for LCD_WriteRAM_Prepare
    lcd.o(i.LCD_Clear) refers to lcd.o(.bss) for lcddev
    lcd.o(i.LCD_Color_Fill) refers to lcd.o(i.LCD_SetCursor) for LCD_SetCursor
    lcd.o(i.LCD_Color_Fill) refers to lcd.o(i.LCD_WriteRAM_Prepare) for LCD_WriteRAM_Prepare
    lcd.o(i.LCD_DisplayOff) refers to lcd.o(i.LCD_WR_REG) for LCD_WR_REG
    lcd.o(i.LCD_DisplayOff) refers to lcd.o(i.LCD_WriteReg) for LCD_WriteReg
    lcd.o(i.LCD_DisplayOff) refers to lcd.o(.bss) for lcddev
    lcd.o(i.LCD_DisplayOn) refers to lcd.o(i.LCD_WR_REG) for LCD_WR_REG
    lcd.o(i.LCD_DisplayOn) refers to lcd.o(i.LCD_WriteReg) for LCD_WriteReg
    lcd.o(i.LCD_DisplayOn) refers to lcd.o(.bss) for lcddev
    lcd.o(i.LCD_Display_Dir) refers to lcd.o(i.LCD_Scan_Dir) for LCD_Scan_Dir
    lcd.o(i.LCD_Display_Dir) refers to lcd.o(.bss) for lcddev
    lcd.o(i.LCD_DrawLine) refers to lcd.o(i.LCD_DrawPoint) for LCD_DrawPoint
    lcd.o(i.LCD_DrawPoint) refers to lcd.o(i.LCD_SetCursor) for LCD_SetCursor
    lcd.o(i.LCD_DrawPoint) refers to lcd.o(i.LCD_WriteRAM_Prepare) for LCD_WriteRAM_Prepare
    lcd.o(i.LCD_DrawPoint) refers to lcd.o(.data) for POINT_COLOR
    lcd.o(i.LCD_DrawRectangle) refers to lcd.o(i.LCD_DrawLine) for LCD_DrawLine
    lcd.o(i.LCD_Draw_Circle) refers to lcd.o(i.LCD_DrawPoint) for LCD_DrawPoint
    lcd.o(i.LCD_Fast_DrawPoint) refers to lcd.o(i.LCD_WR_REG) for LCD_WR_REG
    lcd.o(i.LCD_Fast_DrawPoint) refers to lcd.o(i.LCD_WR_DATA) for LCD_WR_DATA
    lcd.o(i.LCD_Fast_DrawPoint) refers to lcd.o(i.LCD_WriteReg) for LCD_WriteReg
    lcd.o(i.LCD_Fast_DrawPoint) refers to lcd.o(.bss) for lcddev
    lcd.o(i.LCD_Fill) refers to lcd.o(i.LCD_SetCursor) for LCD_SetCursor
[...]
    i.Display_Time                           0x08001054   Section        0  main.o(i.Display_Time)
    i.FSMC_NORSRAMCmd                        0x08001180   Section        0  stm32f10x_fsmc.o(i.FSMC_NORSRAMCmd)
    i.FSMC_NORSRAMInit                       0x080011b4   Section        0  stm32f10x_fsmc.o(i.FSMC_NORSRAMInit)
    i.GPIO_Init                              0x0800129a   Section        0  stm32f10x_gpio.o(i.GPIO_Init)
    i.GPIO_PinRemapConfig                    0x080013b0   Section        0  stm32f10x_gpio.o(i.GPIO_PinRemapConfig)
    i.GPIO_ReadInputData                     0x08001440   Section        0  stm32f10x_gpio.o(i.GPIO_ReadInputData)
    i.GPIO_ResetBits                         0x08001448   Section        0  stm32f10x_gpio.o(i.GPIO_ResetBits)
    i.GPIO_SetBits                           0x0800144c   Section        0  stm32f10x_gpio.o(i.GPIO_SetBits)
    i.GPIO_Write                             0x08001450   Section        0  stm32f10x_gpio.o(i.GPIO_Write)
    i.Get_Adc                                0x08001454   Section        0  adc.o(i.Get_Adc)
    i.Get_Adc_Average                        0x08001488   Section        0  adc.o(i.Get_Adc_Average)
    i.HardFault_Handler                      0x080014b6   Section        0  stm32f10x_it.o(i.HardFault_Handler)
    i.Is_Leap_Year                           0x080014ba   Section        0  rtc.o(i.Is_Leap_Year)
    i.KEY_Init                               0x080014f4   Section        0  key.o(i.KEY_Init)
    i.LCD_Clear                              0x08001538   Section        0  lcd.o(i.LCD_Clear)
    i.LCD_Display_Dir                        0x080015a4   Section        0  lcd.o(i.LCD_Display_Dir)
    i.LCD_Fast_DrawPoint                     0x080017a4   Section        0  lcd.o(i.LCD_Fast_DrawPoint)
    i.LCD_Init                               0x0800196c   Section        0  lcd.o(i.LCD_Init)
    i.LCD_Pow                                0x080052c8   Section        0  lcd.o(i.LCD_Pow)
    i.LCD_RD_DATA                            0x080052e0   Section        0  lcd.o(i.LCD_RD_DATA)
    i.LCD_SSD_BackLightSet                   0x080052f4   Section        0  lcd.o(i.LCD_SSD_BackLightSet)
    i.LCD_Scan_Dir                           0x08005348   Section        0  lcd.o(i.LCD_Scan_Dir)
    i.LCD_SetCursor                          0x08005640   Section        0  lcd.o(i.LCD_SetCursor)
    i.LCD_ShowChar                           0x08005850   Section        0  lcd.o(i.LCD_ShowChar)
    i.LCD_ShowNum                            0x08005978   Section        0  lcd.o(i.LCD_ShowNum)
    i.LCD_ShowString                         0x08005a0c   Section        0  lcd.o(i.LCD_ShowString)
    i.LCD_WR_DATA                            0x08005a74   Section        0  lcd.o(i.LCD_WR_DATA)
    i.LCD_WR_REG                             0x08005a80   Section        0  lcd.o(i.LCD_WR_REG)
    i.LCD_WriteRAM_Prepare                   0x08005a8c   Section        0  lcd.o(i.LCD_WriteRAM_Prepare)
    i.LCD_WriteReg                           0x08005aa0   Section        0  lcd.o(i.LCD_WriteReg)
    i.LED_Init                               0x08005ab0   Section        0  led.o(i.LED_Init)
    i.MemManage_Handler                      0x08005af0   Section        0  stm32f10x_it.o(i.MemManage_Handler)
    i.NMI_Handler                            0x08005af4   Section        0  stm32f10x_it.o(i.NMI_Handler)
    i.NVIC_Init                              0x08005af8   Section        0  misc.o(i.NVIC_Init)
    i.NVIC_PriorityGroupConfig               0x08005b68   Section        0  misc.o(i.NVIC_PriorityGroupConfig)
    i.PWR_BackupAccessCmd                    0x08005b7c   Section        0  stm32f10x_pwr.o(i.PWR_BackupAccessCmd)
    i.PendSV_Handler                         0x08005b88   Section        0  stm32f10x_it.o(i.PendSV_Handler)
    i.RCC_ADCCLKConfig                       0x08005b8c   Section        0  stm32f10x_rcc.o(i.RCC_ADCCLKConfig)
    i.RCC_AHBPeriphClockCmd                  0x08005ba4   Section        0  stm32f10x_rcc.o(i.RCC_AHBPeriphClockCmd)
    i.RCC_APB1PeriphClockCmd                 0x08005bc4   Section        0  stm32f10x_rcc.o(i.RCC_APB1PeriphClockCmd)
    i.RCC_APB2PeriphClockCmd                 0x08005be4   Section        0  stm32f10x_rcc.o(i.RCC_APB2PeriphClockCmd)
    i.RCC_APB2PeriphResetCmd                 0x08005c04   Section        0  stm32f10x_rcc.o(i.RCC_APB2PeriphResetCmd)
    i.RCC_BackupResetCmd                     0x08005c24   Section        0  stm32f10x_rcc.o(i.RCC_BackupResetCmd)
    i.RCC_GetClocksFreq                      0x08005c30   Section        0  stm32f10x_rcc.o(i.RCC_GetClocksFreq)
    i.RCC_GetFlagStatus                      0x08005d04   Section        0  stm32f10x_rcc.o(i.RCC_GetFlagStatus)
    i.RCC_LSEConfig                          0x08005d40   Section        0  stm32f10x_rcc.o(i.RCC_LSEConfig)
    i.RCC_RTCCLKCmd                          0x08005d74   Section        0  stm32f10x_rcc.o(i.RCC_RTCCLKCmd)
    i.RCC_RTCCLKConfig                       0x08005d80   Section        0  stm32f10x_rcc.o(i.RCC_RTCCLKConfig)
    i.RTC_ClearITPendingBit                  0x08005d90   Section        0  stm32f10x_rtc.o(i.RTC_ClearITPendingBit)
    i.RTC_EnterConfigMode                    0x08005da0   Section        0  stm32f10x_rtc.o(i.RTC_EnterConfigMode)
    i.RTC_ExitConfigMode                     0x08005db4   Section        0  stm32f10x_rtc.o(i.RTC_ExitConfigMode)
    i.RTC_Get                                0x08005dc8   Section        0  rtc.o(i.RTC_Get)
    i.RTC_GetCounter                         0x08005ec8   Section        0  stm32f10x_rtc.o(i.RTC_GetCounter)
    i.RTC_GetITStatus                        0x08005edc   Section        0  stm32f10x_rtc.o(i.RTC_GetITStatus)
    i.RTC_Get_Week                           0x08005f00   Section        0  rtc.o(i.RTC_Get_Week)
    i.RTC_IRQHandler                         0x08005f78   Section        0  rtc.o(i.RTC_IRQHandler)
    i.RTC_ITConfig                           0x08005fe8   Section        0  stm32f10x_rtc.o(i.RTC_ITConfig)
    i.RTC_Init                               0x08006008   Section        0  rtc.o(i.RTC_Init)
    i.RTC_NVIC_Config                        0x080060c8   Section        0  rtc.o(i.RTC_NVIC_Config)
    RTC_NVIC_Config                          0x080060c9   Thumb Code    32  rtc.o(i.RTC_NVIC_Config)
    i.RTC_Set                                0x080060e8   Section        0  rtc.o(i.RTC_Set)
    i.RTC_SetCounter                         0x080061b0   Section        0  stm32f10x_rtc.o(i.RTC_SetCounter)
    i.RTC_SetPrescaler                       0x080061cc   Section        0  stm32f10x_rtc.o(i.RTC_SetPrescaler)
    i.RTC_WaitForLastTask                    0x080061ec   Section        0  stm32f10x_rtc.o(i.RTC_WaitForLastTask)
    i.RTC_WaitForSynchro                     0x08006200   Section        0  stm32f10x_rtc.o(i.RTC_WaitForSynchro)
    i.SVC_Handler                            0x08006224   Section        0  stm32f10x_it.o(i.SVC_Handler)
    i.SetSysClock                            0x08006226   Section        0  system_stm32f10x.o(i.SetSysClock)
    SetSysClock                              0x08006227   Thumb Code     8  system_stm32f10x.o(i.SetSysClock)
    i.SetSysClockTo72                        0x08006230   Section        0  system_stm32f10x.o(i.SetSysClockTo72)
    SetSysClockTo72                          0x08006231   Thumb Code   214  system_stm32f10x.o(i.SetSysClockTo72)
    i.Switch_Time_Format                     0x08006310   Section        0  main.o(i.Switch_Time_Format)
    i.SysTick_CLKSourceConfig                0x0800632c   Section        0  misc.o(i.SysTick_CLKSourceConfig)
    i.SysTick_Handler                        0x08006354   Section        0  stm32f10x_it.o(i.SysTick_Handler)
    i.SystemInit                             0x08006358   Section        0  system_stm32f10x.o(i.SystemInit)
    i.TIM1_PWM_Init                          0x080063b8   Section        0  timer.o(i.TIM1_PWM_Init)
    i.TIM2_IRQHandler                        0x0800643c   Section        0  main.o(i.TIM2_IRQHandler)
    i.TIM2_Int_Init                          0x08006460   Section        0  timer.o(i.TIM2_Int_Init)
    i.TIM3_IRQHandler                        0x080064bc   Section        0  main.o(i.TIM3_IRQHandler)
    i.TIM3_Int_Init                          0x080064e4   Section        0  timer.o(i.TIM3_Int_Init)
    i.TIM4_IRQHandler                        0x08006544   Section        0  usmart.o(i.TIM4_IRQHandler)
    i.TIM_ARRPreloadConfig                   0x0800657c   Section        0  stm32f10x_tim.o(i.TIM_ARRPreloadConfig)
    i.TIM_ClearFlag                          0x08006594   Section        0  stm32f10x_tim.o(i.TIM_ClearFlag)
    i.TIM_ClearITPendingBit                  0x0800659a   Section        0  stm32f10x_tim.o(i.TIM_ClearITPendingBit)
    i.TIM_Cmd                                0x080065a0   Section        0  stm32f10x_tim.o(i.TIM_Cmd)
    i.TIM_CtrlPWMOutputs                     0x080065b8   Section        0  stm32f10x_tim.o(i.TIM_CtrlPWMOutputs)
    i.TIM_GetCounter                         0x080065d6   Section        0  stm32f10x_tim.o(i.TIM_GetCounter)
    i.TIM_GetFlagStatus                      0x080065dc   Section        0  stm32f10x_tim.o(i.TIM_GetFlagStatus)
    i.TIM_GetITStatus                        0x080065ee   Section        0  stm32f10x_tim.o(i.TIM_GetITStatus)
    i.TIM_ITConfig                           0x08006610   Section        0  stm32f10x_tim.o(i.TIM_ITConfig)
    i.TIM_OC3Init                            0x08006624   Section        0  stm32f10x_tim.o(i.TIM_OC3Init)
    i.TIM_OC3PreloadConfig                   0x080066c4   Section        0  stm32f10x_tim.o(i.TIM_OC3PreloadConfig)
    i.TIM_SetAutoreload                      0x080066d6   Section        0  stm32f10x_tim.o(i.TIM_SetAutoreload)
    i.TIM_SetCompare3                        0x080066da   Section        0  stm32f10x_tim.o(i.TIM_SetCompare3)
    i.TIM_SetCounter                         0x080066de   Section        0  stm32f10x_tim.o(i.TIM_SetCounter)
    i.TIM_TimeBaseInit                       0x080066e4   Section        0  stm32f10x_tim.o(i.TIM_TimeBaseInit)
    i.Timer4_Init                            0x08006788   Section        0  usmart.o(i.Timer4_Init)
    i.USART1_IRQHandler                      0x080067e4   Section        0  usart.o(i.USART1_IRQHandler)
    i.USART_Cmd                              0x0800686c   Section        0  stm32f10x_usart.o(i.USART_Cmd)
    i.USART_GetITStatus                      0x08006884   Section        0  stm32f10x_usart.o(i.USART_GetITStatus)
    i.USART_ITConfig                         0x080068d8   Section        0  stm32f10x_usart.o(i.USART_ITConfig)
    i.USART_Init                             0x08006924   Section        0  stm32f10x_usart.o(i.USART_Init)
    i.USART_ReceiveData                      0x080069fc   Section        0  stm32f10x_usart.o(i.USART_ReceiveData)
    i.UsageFault_Handler                     0x08006a06   Section        0  stm32f10x_it.o(i.UsageFault_Handler)
    i._is_digit                              0x08006a0a   Section        0  __printf_wp.o(i._is_digit)
    i._sys_exit                              0x08006a18   Section        0  usart.o(i._sys_exit)
    i.delay_init                             0x08006a1c   Section        0  delay.o(i.delay_init)
    i.delay_ms                               0x08006a60   Section        0  delay.o(i.delay_ms)
    i.delay_us                               0x08006aac   Section        0  delay.o(i.delay_us)
    i.fputc                                  0x08006af8   Section        0  usart.o(i.fputc)
    i.keyhandle                              0x08006b14   Section        0  key.o(i.keyhandle)
    i.keyscan                                0x08006bc8   Section        0  key.o(i.keyscan)
    i.main                                   0x08006c6c   Section        0  main.o(i.main)
    i.read_addr                              0x08006f40   Section        0  usmart.o(i.read_addr)
    i.set_start_time                         0x08006f48   Section        0  main.o(i.set_start_time)
    i.set_stop_time                          0x080070f0   Section        0  main.o(i.set_stop_time)
    i.simulate_mode1                         0x08007298   Section        0  main.o(i.simulate_mode1)
    i.simulate_mode2                         0x08007404   Section        0  main.o(i.simulate_mode2)
    i.uart_init                              0x0800766c   Section        0  usart.o(i.uart_init)
    i.usmart_cmd_rec                         0x0800770c   Section        0  usmart.o(i.usmart_cmd_rec)
    i.usmart_exe                             0x080077bc   Section        0  usmart.o(i.usmart_exe)
    i.usmart_get_aparm                       0x08007a90   Section        0  usmart_str.o(i.usmart_get_aparm)
    i.usmart_get_cmdname                     0x08007b58   Section        0  usmart_str.o(i.usmart_get_cmdname)
    i.usmart_get_fname                       0x08007b90   Section        0  usmart_str.o(i.usmart_get_fname)
    i.usmart_get_fparam                      0x08007d50   Section        0  usmart_str.o(i.usmart_get_fparam)
    i.usmart_get_parmpos                     0x08007e5c   Section        0  usmart_str.o(i.usmart_get_parmpos)
    i.usmart_get_runtime                     0x08007e7c   Section        0  usmart.o(i.usmart_get_runtime)
    i.usmart_init                            0x08007ec0   Section        0  usmart.o(i.usmart_init)
    i.usmart_pow                             0x08007ee8   Section        0  usmart_str.o(i.usmart_pow)
    i.usmart_reset_runtime                   0x08007f00   Section        0  usmart.o(i.usmart_reset_runtime)
    i.usmart_scan                            0x08007f30   Section        0  usmart.o(i.usmart_scan)
    i.usmart_search_nextc                    0x08007fec   Section        0  usmart_str.o(i.usmart_search_nextc)
    i.usmart_str2num                         0x08008002   Section        0  usmart_str.o(i.usmart_str2num)
    i.usmart_strcmp                          0x080080cc   Section        0  usmart_str.o(i.usmart_strcmp)
    i.usmart_strcopy                         0x080080ee   Section        0  usmart_str.o(i.usmart_strcopy)
    i.usmart_strlen                          0x08008104   Section        0  usmart_str.o(i.usmart_strlen)
    i.usmart_sys_cmd_exe                     0x0800811c   Section        0  usmart.o(i.usmart_sys_cmd_exe)
    i.write_addr                             0x08008800   Section        0  usmart.o(i.write_addr)
    x$fpl$dfixu                              0x08008804   Section       90  dfixu.o(x$fpl$dfixu)
    x$fpl$dfltu                              0x0800885e   Section       38  dflt_clz.o(x$fpl$dfltu)
    x$fpl$dmul                               0x08008884   Section      340  dmul.o(x$fpl$dmul)
    x$fpl$dnaninf                            0x080089d8   Section      156  dnaninf.o(x$fpl$dnaninf)
    x$fpl$dretinf                            0x08008a74   Section       12  dretinf.o(x$fpl$dretinf)
    .constdata                               0x08008a80   Section     6080  lcd.o(.constdata)
    x$fpl$usenofp                            0x08008a80   Section        0  usenofp.o(x$fpl$usenofp)
    .constdata                               0x0800a240   Section       24  rtc.o(.constdata)
    .constdata                               0x0800a258   Section       40  _printf_hex_int.o(.constdata)
    uc_hextab                                0x0800a258   Data          20  _printf_hex_int.o(.constdata)
    lc_hextab                                0x0800a26c   Data          20  _printf_hex_int.o(.constdata)
    .constdata                               0x0800a280   Section       17  __printf_flags_ss_wp.o(.constdata)
    maptable                                 0x0800a280   Data          17  __printf_flags_ss_wp.o(.constdata)
    .conststring                             0x0800a294   Section       40  usmart.o(.conststring)
    .conststring                             0x0800a2bc   Section      167  usmart_config.o(.conststring)
    .data                                    0x20000000   Section        4  lcd.o(.data)
    .data                                    0x20000004   Section        2  rtc.o(.data)
    daycnt                                   0x20000004   Data           2  rtc.o(.data)
    .data                                    0x20000006   Section        2  key.o(.data)
    .data                                    0x20000008   Section       20  stm32f10x_rcc.o(.data)
    APBAHBPrescTable                         0x20000008   Data          16  stm32f10x_rcc.o(.data)
    ADCPrescTable                            0x20000018   Data           4  stm32f10x_rcc.o(.data)
    .data                                    0x2000001c   Section        4  delay.o(.data)
    fac_us                                   0x2000001c   Data           1  delay.o(.data)
    fac_ms                                   0x2000001e   Data           2  delay.o(.data)
    .data                                    0x20000020   Section        6  usart.o(.data)
    .data                                    0x20000028   Section       28  usmart.o(.data)
    .data                                    0x20000044   Section      284  usmart_config.o(.data)
    .data                                    0x20000160   Section       12  main.o(.data)
    .data                                    0x2000016c   Section       20  system_stm32f10x.o(.data)
    .bss                                     0x20000180   Section       14  lcd.o(.bss)
    .bss                                     0x2000018e   Section       10  rtc.o(.bss)
    .bss                                     0x20000198   Section      200  usart.o(.bss)
    .bss                                     0x20000260   Section       96  libspace.o(.bss)
    HEAP                                     0x200002c0   Section      512  startup_stm32f10x_hd.o(HEAP)
    Heap_Mem                                 0x200002c0   Data         512  startup_stm32f10x_hd.o(HEAP)
    STACK                                    0x200004c0   Section     1024  startup_stm32f10x_hd.o(STACK)
    Stack_Mem                                0x200004c0   Data        1024  startup_stm32f10x_hd.o(STACK)
    __initial_sp                             0x200008c0   Data           0  startup_stm32f10x_hd.o(STACK)

    Global Symbols

    Symbol Name                              Value     Ov Type        Size  Object(Section)

    BuildAttributes$$THM_ISAv4$P$D$K$B$S$PE$A:L22UL41UL21$X:L11$S22US41US21$IEEE1$IW$USESV6$~STKCKD$USESV7$~SHL$OSPACE$ROPI$EBA8$UX$STANDARDLIB$REQ8$PRES8$EABIv2 0x00000000   Number         0  anon$$obj.o ABSOLUTE
    __ARM_use_no_argv                        0x00000000   Number         0  main.o ABSOLUTE
    _printf_flags                            0x00000000   Number         0  printf_stubs.o ABSOLUTE
    _printf_return_value                     0x00000000   Number         0  printf_stubs.o ABSOLUTE
    _printf_sizespec                         0x00000000   Number         0  printf_stubs.o ABSOLUTE
    _printf_widthprec                        0x00000000   Number         0  printf_stubs.o ABSOLUTE
    __ARM_exceptions_init                     - Undefined Weak Reference
    __alloca_initialize                       - Undefined Weak Reference
    __arm_preinit_                            - Undefined Weak Reference
    __cpp_initialize__aeabi_                  - Undefined Weak Reference
    __cxa_finalize                            - Undefined Weak Reference
    __rt_locale                               - Undefined Weak Reference
    __sigvec_lookup                           - Undefined Weak Reference
    _atexit_init                              - Undefined Weak Reference
    _call_atexit_fns                          - Undefined Weak Reference
    _clock_init                               - Undefined Weak Reference
    _fp_trap_init                             - Undefined Weak Reference
    _fp_trap_shutdown                         - Undefined Weak Reference
    _get_lc_collate                           - Undefined Weak Reference
    _get_lc_ctype                             - Undefined Weak Reference
    _get_lc_monetary                          - Undefined Weak Reference
    _get_lc_numeric                           - Undefined Weak Reference
    _get_lc_time                              - Undefined Weak Reference
    _getenv_init                              - Undefined Weak Reference
    _handle_redirection                       - Undefined Weak Reference
    _init_alloc                               - Undefined Weak Reference
    _init_user_alloc                          - Undefined Weak Reference
    _initio                                   - Undefined Weak Reference
    _mutex_acquire                            - Undefined Weak Reference
    _mutex_release                            - Undefined Weak Reference
    _printf_mbtowc                            - Undefined Weak Reference
    _printf_truncate_signed                   - Undefined Weak Reference
    _printf_truncate_unsigned                 - Undefined Weak Reference
    _rand_init                                - Undefined Weak Reference
    _signal_finish                            - Undefined Weak Reference
    _signal_init                              - Undefined Weak Reference
    _terminate_alloc                          - Undefined Weak Reference
    _terminate_user_alloc                     - Undefined Weak Reference
    _terminateio                              - Undefined Weak Reference
    __Vectors_Size                           0x00000130   Number         0  startup_stm32f10x_hd.o ABSOLUTE
    __Vectors                                0x08000000   Data           4  startup_stm32f10x_hd.o(RESET)
    __Vectors_End                            0x08000130   Data           0  startup_stm32f10x_hd.o(RESET)
    __main                                   0x08000131   Thumb Code     8  __main.o(!!!main)
    __scatterload                            0x08000139   Thumb Code     0  __scatter.o(!!!scatter)
    __scatterload_rt2                        0x08000139   Thumb Code    44  __scatter.o(!!!scatter)
    __scatterload_rt2_thumb_only             0x08000139   Thumb Code     0  __scatter.o(!!!scatter)
    __scatterload_null                       0x08000147   Thumb Code     0  __scatter.o(!!!scatter)
    __decompress                             0x0800016d   Thumb Code    90  __dczerorl2.o(!!dczerorl2)
    __decompress1                            0x0800016d   Thumb Code     0  __dczerorl2.o(!!dczerorl2)
    __scatterload_zeroinit                   0x080001c9   Thumb Code    28  __scatter_zi.o(!!handler_zi)
    _printf_d                                0x080001e5   Thumb Code     0  _printf_d.o(.ARM.Collect$$_printf_percent$$00000009)
    _printf_percent                          0x080001e5   Thumb Code     0  _printf_percent.o(.ARM.Collect$$_printf_percent$$00000000)
    _printf_u                                0x080001eb   Thumb Code     0  _printf_u.o(.ARM.Collect$$_printf_percent$$0000000A)
    _printf_x                                0x080001f1   Thumb Code     0  _printf_x.o(.ARM.Collect$$_printf_percent$$0000000C)
    _printf_c                                0x080001f7   Thumb Code     0  _printf_c.o(.ARM.Collect$$_printf_percent$$00000013)
    _printf_s                                0x080001fd   Thumb Code     0  _printf_s.o(.ARM.Collect$$_printf_percent$$00000014)
    _printf_percent_end                      0x08000203   Thumb Code     0  _printf_percent_end.o(.ARM.Collect$$_printf_percent$$00000017)
    __rt_lib_init                            0x08000207   Thumb Code     0  libinit.o(.ARM.Collect$$libinit$$00000000)
    __rt_lib_init_alloca_1                   0x08000209   Thumb Code     0  libinit2.o(.ARM.Collect$$libinit$$0000002E)
    __rt_lib_init_argv_1                     0x08000209   Thumb Code     0  libinit2.o(.ARM.Collect$$libinit$$0000002C)
    __rt_lib_init_atexit_1                   0x08000209   Thumb Code     0  libinit2.o(.ARM.Collect$$libinit$$0000001B)
    __rt_lib_init_clock_1                    0x08000209   Thumb Code     0  libinit2.o(.ARM.Collect$$libinit$$00000021)
    __rt_lib_init_cpp_1                      0x08000209   Thumb Code     0  libinit2.o(.ARM.Collect$$libinit$$00000032)
    __rt_lib_init_exceptions_1               0x08000209   Thumb Code     0  libinit2.o(.ARM.Collect$$libinit$$00000030)
    __rt_lib_init_fp_1                       0x08000209   Thumb Code     0  libinit2.o(.ARM.Collect$$libinit$$00000002)
    __rt_lib_init_fp_trap_1                  0x08000209   Thumb Code     0  libinit2.o(.ARM.Collect$$libinit$$0000001F)
    __rt_lib_init_getenv_1                   0x08000209   Thumb Code     0  libinit2.o(.ARM.Collect$$libinit$$00000023)
    __rt_lib_init_heap_1                     0x08000209   Thumb Code     0  libinit2.o(.ARM.Collect$$libinit$$0000000A)
    __rt_lib_init_lc_collate_1               0x08000209   Thumb Code     0  libinit2.o(.ARM.Collect$$libinit$$00000011)
    __rt_lib_init_lc_ctype_1                 0x08000209   Thumb Code     0  libinit2.o(.ARM.Collect$$libinit$$00000013)
    __rt_lib_init_lc_monetary_1              0x08000209   Thumb Code     0  libinit2.o(.ARM.Collect$$libinit$$00000015)
    __rt_lib_init_lc_numeric_1               0x08000209   Thumb Code     0  libinit2.o(.ARM.Collect$$libinit$$00000017)
    __rt_lib_init_lc_time_1                  0x08000209   Thumb Code     0  libinit2.o(.ARM.Collect$$libinit$$00000019)
    __rt_lib_init_preinit_1                  0x08000209   Thumb Code     0  libinit2.o(.ARM.Collect$$libinit$$00000004)
    __rt_lib_init_rand_1                     0x08000209   Thumb Code     0  libinit2.o(.ARM.Collect$$libinit$$0000000E)
    __rt_lib_init_return                     0x08000209   Thumb Code     0  libinit2.o(.ARM.Collect$$libinit$$00000033)
    __rt_lib_init_signal_1                   0x08000209   Thumb Code     0  libinit2.o(.ARM.Collect$$libinit$$0000001D)
    __rt_lib_init_stdio_1                    0x08000209   Thumb Code     0  libinit2.o(.ARM.Collect$$libinit$$00000025)
    __rt_lib_init_user_alloc_1               0x08000209   Thumb Code     0  libinit2.o(.ARM.Collect$$libinit$$0000000C)
    __rt_lib_shutdown                        0x0800020b   Thumb Code     0  libshutdown.o(.ARM.Collect$$libshutdown$$00000000)
    __rt_lib_shutdown_cpp_1                  0x0800020d   Thumb Code     0  libshutdown2.o(.ARM.Collect$$libshutdown$$00000002)
    __rt_lib_shutdown_fp_trap_1              0x0800020d   Thumb Code     0  libshutdown2.o(.ARM.Collect$$libshutdown$$00000007)
    __rt_lib_shutdown_heap_1                 0x0800020d   Thumb Code     0  libshutdown2.o(.ARM.Collect$$libshutdown$$0000000F)
    __rt_lib_shutdown_return                 0x0800020d   Thumb Code     0  libshutdown2.o(.ARM.Collect$$libshutdown$$00000010)
    __rt_lib_shutdown_signal_1               0x0800020d   Thumb Code     0  libshutdown2.o(.ARM.Collect$$libshutdown$$0000000A)
    __rt_lib_shutdown_stdio_1                0x0800020d   Thumb Code     0  libshutdown2.o(.ARM.Collect$$libshutdown$$00000004)
    __rt_lib_shutdown_user_alloc_1           0x0800020d   Thumb Code     0  libshutdown2.o(.ARM.Collect$$libshutdown$$0000000C)
    __rt_entry                               0x0800020f   Thumb Code     0  __rtentry.o(.ARM.Collect$$rtentry$$00000000)
    __rt_entry_presh_1                       0x0800020f   Thumb Code     0  __rtentry2.o(.ARM.Collect$$rtentry$$00000002)
    __rt_entry_sh                            0x0800020f   Thumb Code     0  __rtentry4.o(.ARM.Collect$$rtentry$$00000004)
    __rt_entry_li                            0x08000215   Thumb Code     0  __rtentry2.o(.ARM.Collect$$rtentry$$0000000A)
    __rt_entry_postsh_1                      0x08000215   Thumb Code     0  __rtentry2.o(.ARM.Collect$$rtentry$$00000009)
    __rt_entry_main                          0x08000219   Thumb Code     0  __rtentry2.o(.ARM.Collect$$rtentry$$0000000D)
    __rt_entry_postli_1                      0x08000219   Thumb Code     0  __rtentry2.o(.ARM.Collect$$rtentry$$0000000C)
    __rt_exit                                0x08000221   Thumb Code     0  rtexit.o(.ARM.Collect$$rtexit$$00000000)
    __rt_exit_ls                             0x08000223   Thumb Code     0  rtexit2.o(.ARM.Collect$$rtexit$$00000003)
    __rt_exit_prels_1                        0x08000223   Thumb Code     0  rtexit2.o(.ARM.Collect$$rtexit$$00000002)
    __rt_exit_exit                           0x08000227   Thumb Code     0  rtexit2.o(.ARM.Collect$$rtexit$$00000004)
    Reset_Handler                            0x0800022d   Thumb Code     8  startup_stm32f10x_hd.o(.text)
    ADC1_2_IRQHandler                        0x08000247   Thumb Code     0  startup_stm32f10x_hd.o(.text)
    ADC3_IRQHandler                          0x08000247   Thumb Code     0  startup_stm32f10x_hd.o(.text)
    CAN1_RX1_IRQHandler                      0x08000247   Thumb Code     0  startup_stm32f10x_hd.o(.text)
    CAN1_SCE_IRQHandler                      0x08000247   Thumb Code     0  startup_stm32f10x_hd.o(.text)
    DMA1_Channel1_IRQHandler                 0x08000247   Thumb Code     0  startup_stm32f10x_hd.o(.text)
    DMA1_Channel2_IRQHandler                 0x08000247   Thumb Code     0  startup_stm32f10x_hd.o(.text)
    DMA1_Channel3_IRQHandler                 0x08000247   Thumb Code     0  startup_stm32f10x_hd.o(.text)
    DMA1_Channel4_IRQHandler                 0x08000247   Thumb Code     0  startup_stm32f10x_hd.o(.text)
    DMA1_Channel5_IRQHandler                 0x08000247   Thumb Code     0  startup_stm32f10x_hd.o(.text)
    DMA1_Channel6_IRQHandler                 0x08000247   Thumb Code     0  startup_stm32f10x_hd.o(.text)
    DMA1_Channel7_IRQHandler                 0x08000247   Thumb Code     0  startup_stm32f10x_hd.o(.text)
    DMA2_Channel1_IRQHandler                 0x08000247   Thumb Code     0  startup_stm32f10x_hd.o(.text)
    DMA2_Channel2_IRQHandler                 0x08000247   Thumb Code     0  startup_stm32f10x_hd.o(.text)
    DMA2_Channel3_IRQHandler                 0x08000247   Thumb Code     0  startup_stm32f10x_hd.o(.text)
    DMA2_Channel4_5_IRQHandler               0x08000247   Thumb Code     0  startup_stm32f10x_hd.o(.text)
    EXTI0_IRQHandler                         0x08000247   Thumb Code     0  startup_stm32f10x_hd.o(.text)
    EXTI15_10_IRQHandler                     0x08000247   Thumb Code     0  startup_stm32f10x_hd.o(.text)
    EXTI1_IRQHandler                         0x08000247   Thumb Code     0  startup_stm32f10x_hd.o(.text)
    EXTI2_IRQHandler                         0x08000247   Thumb Code     0  startup_stm32f10x_hd.o(.text)
    EXTI3_IRQHandler                         0x08000247   Thumb Code     0  startup_stm32f10x_hd.o(.text)
    EXTI4_IRQHandler                         0x08000247   Thumb Code     0  startup_stm32f10x_hd.o(.text)
    EXTI9_5_IRQHandler                       0x08000247   Thumb Code     0  startup_stm32f10x_hd.o(.text)
    FLASH_IRQHandler                         0x08000247   Thumb Code     0  startup_stm32f10x_hd.o(.text)
    FSMC_IRQHandler                          0x08000247   Thumb Code     0  startup_stm32f10x_hd.o(.text)
    I2C1_ER_IRQHandler                       0x08000247   Thumb Code     0  startup_stm32f10x_hd.o(.text)
    I2C1_EV_IRQHandler                       0x08000247   Thumb Code     0  startup_stm32f10x_hd.o(.text)
    I2C2_ER_IRQHandler                       0x08000247   Thumb Code     0  startup_stm32f10x_hd.o(.text)
    I2C2_EV_IRQHandler                       0x08000247   Thumb Code     0  startup_stm32f10x_hd.o(.text)
    PVD_IRQHandler                           0x08000247   Thumb Code     0  startup_stm32f10x_hd.o(.text)
    RCC_IRQHandler                           0x08000247   Thumb Code     0  startup_stm32f10x_hd.o(.text)
    RTCAlarm_IRQHandler                      0x08000247   Thumb Code     0  startup_stm32f10x_hd.o(.text)
    SDIO_IRQHandler                          0x08000247   Thumb Code     0  startup_stm32f10x_hd.o(.text)
    SPI1_IRQHandler                          0x08000247   Thumb Code     0  startup_stm32f10x_hd.o(.text)
    SPI2_IRQHandler                          0x08000247   Thumb Code     0  startup_stm32f10x_hd.o(.text)
    SPI3_IRQHandler                          0x08000247   Thumb Code     0  startup_stm32f10x_hd.o(.text)
    TAMPER_IRQHandler                        0x08000247   Thumb Code     0  startup_stm32f10x_hd.o(.text)
    TIM1_BRK_IRQHandler                      0x08000247   Thumb Code     0  startup_stm32f10x_hd.o(.text)
    TIM1_CC_IRQHandler                       0x08000247   Thumb Code     0  startup_stm32f10x_hd.o(.text)
    TIM1_TRG_COM_IRQHandler                  0x08000247   Thumb Code     0  startup_stm32f10x_hd.o(.text)
    TIM1_UP_IRQHandler                       0x08000247   Thumb Code     0  startup_stm32f10x_hd.o(.text)
    TIM5_IRQHandler                          0x08000247   Thumb Code     0  startup_stm32f10x_hd.o(.text)
    TIM6_IRQHandler                          0x08000247   Thumb Code     0  startup_stm32f10x_hd.o(.text)
    TIM7_IRQHandler                          0x08000247   Thumb Code     0  startup_stm32f10x_hd.o(.text)
    TIM8_BRK_IRQHandler                      0x08000247   Thumb Code     0  startup_stm32f10x_hd.o(.text)
    TIM8_CC_IRQHandler                       0x08000247   Thumb Code     0  startup_stm32f10x_hd.o(.text)
    TIM8_TRG_COM_IRQHandler                  0x08000247   Thumb Code     0  startup_stm32f10x_hd.o(.text)
    TIM8_UP_IRQHandler                       0x08000247   Thumb Code     0  startup_stm32f10x_hd.o(.text)
    UART4_IRQHandler                         0x08000247   Thumb Code     0  startup_stm32f10x_hd.o(.text)
    UART5_IRQHandler                         0x08000247   Thumb Code     0  startup_stm32f10x_hd.o(.text)
    USART2_IRQHandler                        0x08000247   Thumb Code     0  startup_stm32f10x_hd.o(.text)
    USART3_IRQHandler                        0x08000247   Thumb Code     0  startup_stm32f10x_hd.o(.text)
    USBWakeUp_IRQHandler                     0x08000247   Thumb Code     0  startup_stm32f10x_hd.o(.text)
    USB_HP_CAN1_TX_IRQHandler                0x08000247   Thumb Code     0  startup_stm32f10x_hd.o(.text)
    USB_LP_CAN1_RX0_IRQHandler               0x08000247   Thumb Code     0  startup_stm32f10x_hd.o(.text)
    WWDG_IRQHandler                          0x08000247   Thumb Code     0  startup_stm32f10x_hd.o(.text)
    __user_initial_stackheap                 0x08000249   Thumb Code     0  startup_stm32f10x_hd.o(.text)
    __use_no_semihosting                     0x0800026d   Thumb Code     2  use_no_semi_2.o(.text)
    __2printf                                0x08000271   Thumb Code    20  noretval__2printf.o(.text)
    _printf_pre_padding                      0x08000289   Thumb Code    44  _printf_pad.o(.text)
    _printf_post_padding                     0x080002b5   Thumb Code    34  _printf_pad.o(.text)
    _printf_str                              0x080002d7   Thumb Code    82  _printf_str.o(.text)
    _printf_int_dec                          0x08000329   Thumb Code   104  _printf_dec.o(.text)
    _printf_int_hex                          0x080003a1   Thumb Code    84  _printf_hex_int.o(.text)
    _printf_longlong_hex                     0x080003a1   Thumb Code     0  _printf_hex_int.o(.text)
    __printf                                 0x080003f9   Thumb Code   388  __printf_flags_ss_wp.o(.text)
    strcpy                                   0x08000581   Thumb Code    72  strcpy.o(.text)
    __use_two_region_memory                  0x080005c9   Thumb Code     2  heapauxi.o(.text)
    __rt_heap_escrow$2region                 0x080005cb   Thumb Code     2  heapauxi.o(.text)
    __rt_heap_expand$2region                 0x080005cd   Thumb Code     2  heapauxi.o(.text)
    __I$use$semihosting                      0x080005cf   Thumb Code     0  use_no_semi.o(.text)
    __use_no_semihosting_swi                 0x080005cf   Thumb Code     2  use_no_semi.o(.text)
    _printf_int_common                       0x080005d1   Thumb Code   178  _printf_intcommon.o(.text)
    _printf_char_common                      0x0800068f   Thumb Code    32  _printf_char_common.o(.text)
    _printf_cs_common                        0x080006b5   Thumb Code    20  _printf_char.o(.text)
    _printf_char                             0x080006c9   Thumb Code    16  _printf_char.o(.text)
    _printf_string                           0x080006d9   Thumb Code     8  _printf_char.o(.text)
    _printf_char_file                        0x080006e1   Thumb Code    32  _printf_char_file.o(.text)
    ferror                                   0x08000705   Thumb Code     8  ferror.o(.text)
    __user_setup_stackheap                   0x0800070d   Thumb Code    74  sys_stackheap_outer.o(.text)
    exit                                     0x08000757   Thumb Code    18  exit.o(.text)
    __user_libspace                          0x08000769   Thumb Code     8  libspace.o(.text)
    __user_perproc_libspace                  0x08000769   Thumb Code     0  libspace.o(.text)
    __user_perthread_libspace                0x08000769   Thumb Code     0  libspace.o(.text)
    ADC_Cmd                                  0x08000771   Thumb Code    22  stm32f10x_adc.o(i.ADC_Cmd)
    ADC_DeInit                               0x08000789   Thumb Code    78  stm32f10x_adc.o(i.ADC_DeInit)
    ADC_GetCalibrationStatus                 0x080007e5   Thumb Code    20  stm32f10x_adc.o(i.ADC_GetCalibrationStatus)
    ADC_GetConversionValue                   0x080007f9   Thumb Code     8  stm32f10x_adc.o(i.ADC_GetConversionValue)
    ADC_GetFlagStatus                        0x08000801   Thumb Code    18  stm32f10x_adc.o(i.ADC_GetFlagStatus)
    ADC_GetResetCalibrationStatus            0x08000813   Thumb Code    20  stm32f10x_adc.o(i.ADC_GetResetCalibrationStatus)
    ADC_Init                                 0x08000829   Thumb Code    70  stm32f10x_adc.o(i.ADC_Init)
    ADC_RegularChannelConfig                 0x08000879   Thumb Code   184  stm32f10x_adc.o(i.ADC_RegularChannelConfig)
    ADC_ResetCalibration                     0x08000931   Thumb Code    10  stm32f10x_adc.o(i.ADC_ResetCalibration)
    ADC_SoftwareStartConvCmd                 0x0800093b   Thumb Code    22  stm32f10x_adc.o(i.ADC_SoftwareStartConvCmd)
    ADC_StartCalibration                     0x08000951   Thumb Code    10  stm32f10x_adc.o(i.ADC_StartCalibration)
    Adc_Init                                 0x0800095d   Thumb Code   132  adc.o(i.Adc_Init)
    Adjust_Speed                             0x080009e9   Thumb Code   122  main.o(i.Adjust_Speed)
    Adjust_Time                              0x08000a9d   Thumb Code   232  main.o(i.Adjust_Time)
    BEEP_Init                                0x08000bd5   Thumb Code    50  beep.o(i.BEEP_Init)
    BKP_DeInit                               0x08000c0d   Thumb Code    16  stm32f10x_bkp.o(i.BKP_DeInit)
    BKP_ReadBackupRegister                   0x08000c1d   Thumb Code    24  stm32f10x_bkp.o(i.BKP_ReadBackupRegister)
    BKP_WriteBackupRegister                  0x08000c39   Thumb Code    22  stm32f10x_bkp.o(i.BKP_WriteBackupRegister)
    BusFault_Handler                         0x08000c55   Thumb Code     4  stm32f10x_it.o(i.BusFault_Handler)
    Check_Timer                              0x08000c59   Thumb Code   200  main.o(i.Check_Timer)
    Control_Speed                            0x08000d35   Thumb Code   300  main.o(i.Control_Speed)
    Control_Stopwatch                        0x08000ebd   Thumb Code   190  main.o(i.Control_Stopwatch)
    DCMOTOR_Init                             0x08000fd5   Thumb Code    40  dcmotor.o(i.DCMOTOR_Init)
    DebugMon_Handler                         0x08001001   Thumb Code     2  stm32f10x_it.o(i.DebugMon_Handler)
    Display_Stopwatch                        0x08001005   Thumb Code    62  main.o(i.Display_Stopwatch)
    Display_Time                             0x08001055   Thumb Code   256  main.o(i.Display_Time)
    FSMC_NORSRAMCmd                          0x08001181   Thumb Code    46  stm32f10x_fsmc.o(i.FSMC_NORSRAMCmd)
    FSMC_NORSRAMInit                         0x080011b5   Thumb Code   230  stm32f10x_fsmc.o(i.FSMC_NORSRAMInit)
    GPIO_Init                                0x0800129b   Thumb Code   278  stm32f10x_gpio.o(i.GPIO_Init)
    GPIO_PinRemapConfig                      0x080013b1   Thumb Code   138  stm32f10x_gpio.o(i.GPIO_PinRemapConfig)
    GPIO_ReadInputData                       0x08001441   Thumb Code     8  stm32f10x_gpio.o(i.GPIO_ReadInputData)
    GPIO_ResetBits                           0x08001449   Thumb Code     4  stm32f10x_gpio.o(i.GPIO_ResetBits)
    GPIO_SetBits                             0x0800144d   Thumb Code     4  stm32f10x_gpio.o(i.GPIO_SetBits)
    GPIO_Write                               0x08001451   Thumb Code     4  stm32f10x_gpio.o(i.GPIO_Write)
    Get_Adc                                  0x08001455   Thumb Code    46  adc.o(i.Get_Adc)
    Get_Adc_Average                          0x08001489   Thumb Code    46  adc.o(i.Get_Adc_Average)
    HardFault_Handler                        0x080014b7   Thumb Code     4  stm32f10x_it.o(i.HardFault_Handler)
    Is_Leap_Year                             0x080014bb   Thumb Code    58  rtc.o(i.Is_Leap_Year)
    KEY_Init                                 0x080014f5   Thumb Code    64  key.o(i.KEY_Init)
    LCD_Clear                                0x08001539   Thumb Code   100  lcd.o(i.LCD_Clear)
    LCD_Display_Dir                          0x080015a5   Thumb Code   506  lcd.o(i.LCD_Display_Dir)
    LCD_Fast_DrawPoint                       0x080017a5   Thumb Code   448  lcd.o(i.LCD_Fast_DrawPoint)
    LCD_Init                                 0x0800196d   Thumb Code 14678  lcd.o(i.LCD_Init)
    LCD_Pow                                  0x080052c9   Thumb Code    22  lcd.o(i.LCD_Pow)
    LCD_RD_DATA                              0x080052e1   Thumb Code    14  lcd.o(i.LCD_RD_DATA)
    LCD_SSD_BackLightSet                     0x080052f5   Thumb Code    80  lcd.o(i.LCD_SSD_BackLightSet)
    LCD_Scan_Dir                             0x08005349   Thumb Code   756  lcd.o(i.LCD_Scan_Dir)
    LCD_SetCursor                            0x08005641   Thumb Code   524  lcd.o(i.LCD_SetCursor)
    LCD_ShowChar                             0x08005851   Thumb Code   272  lcd.o(i.LCD_ShowChar)
    LCD_ShowNum                              0x08005979   Thumb Code   148  lcd.o(i.LCD_ShowNum)
    LCD_ShowString                           0x08005a0d   Thumb Code   102  lcd.o(i.LCD_ShowString)
    LCD_WR_DATA                              0x08005a75   Thumb Code     6  lcd.o(i.LCD_WR_DATA)
    LCD_WR_REG                               0x08005a81   Thumb Code     6  lcd.o(i.LCD_WR_REG)
    LCD_WriteRAM_Prepare                     0x08005a8d   Thumb Code    10  lcd.o(i.LCD_WriteRAM_Prepare)
    LCD_WriteReg                             0x08005aa1   Thumb Code    10  lcd.o(i.LCD_WriteReg)
    LED_Init                                 0x08005ab1   Thumb Code    56  led.o(i.LED_Init)
    MemManage_Handler                        0x08005af1   Thumb Code     4  stm32f10x_it.o(i.MemManage_Handler)
    NMI_Handler                              0x08005af5   Thumb Code     2  stm32f10x_it.o(i.NMI_Handler)
    NVIC_Init                                0x08005af9   Thumb Code   100  misc.o(i.NVIC_Init)
    NVIC_PriorityGroupConfig                 0x08005b69   Thumb Code    10  misc.o(i.NVIC_PriorityGroupConfig)
    PWR_BackupAccessCmd                      0x08005b7d   Thumb Code     6  stm32f10x_pwr.o(i.PWR_BackupAccessCmd)
    PendSV_Handler                           0x08005b89   Thumb Code     2  stm32f10x_it.o(i.PendSV_Handler)
    RCC_ADCCLKConfig                         0x08005b8d   Thumb Code    18  stm32f10x_rcc.o(i.RCC_ADCCLKConfig)
    RCC_AHBPeriphClockCmd                    0x08005ba5   Thumb Code    26  stm32f10x_rcc.o(i.RCC_AHBPeriphClockCmd)
    RCC_APB1PeriphClockCmd                   0x08005bc5   Thumb Code    26  stm32f10x_rcc.o(i.RCC_APB1PeriphClockCmd)
    RCC_APB2PeriphClockCmd                   0x08005be5   Thumb Code    26  stm32f10x_rcc.o(i.RCC_APB2PeriphClockCmd)
    RCC_APB2PeriphResetCmd                   0x08005c05   Thumb Code    26  stm32f10x_rcc.o(i.RCC_APB2PeriphResetCmd)
    RCC_BackupResetCmd                       0x08005c25   Thumb Code     6  stm32f10x_rcc.o(i.RCC_BackupResetCmd)
    RCC_GetClocksFreq                        0x08005c31   Thumb Code   192  stm32f10x_rcc.o(i.RCC_GetClocksFreq)
    RCC_GetFlagStatus                        0x08005d05   Thumb Code    56  stm32f10x_rcc.o(i.RCC_GetFlagStatus)
    RCC_LSEConfig                            0x08005d41   Thumb Code    46  stm32f10x_rcc.o(i.RCC_LSEConfig)
    RCC_RTCCLKCmd                            0x08005d75   Thumb Code     6  stm32f10x_rcc.o(i.RCC_RTCCLKCmd)
    RCC_RTCCLKConfig                         0x08005d81   Thumb Code    12  stm32f10x_rcc.o(i.RCC_RTCCLKConfig)
    RTC_ClearITPendingBit                    0x08005d91   Thumb Code    12  stm32f10x_rtc.o(i.RTC_ClearITPendingBit)
    RTC_EnterConfigMode                      0x08005da1   Thumb Code    14  stm32f10x_rtc.o(i.RTC_EnterConfigMode)
    RTC_ExitConfigMode                       0x08005db5   Thumb Code    16  stm32f10x_rtc.o(i.RTC_ExitConfigMode)
    RTC_Get                                  0x08005dc9   Thumb Code   240  rtc.o(i.RTC_Get)
    RTC_GetCounter                           0x08005ec9   Thumb Code    16  stm32f10x_rtc.o(i.RTC_GetCounter)
    RTC_GetITStatus                          0x08005edd   Thumb Code    32  stm32f10x_rtc.o(i.RTC_GetITStatus)
    RTC_Get_Week                             0x08005f01   Thumb Code   116  rtc.o(i.RTC_Get_Week)
    RTC_IRQHandler                           0x08005f79   Thumb Code    76  rtc.o(i.RTC_IRQHandler)
    RTC_ITConfig                             0x08005fe9   Thumb Code    26  stm32f10x_rtc.o(i.RTC_ITConfig)
    RTC_Init                                 0x08006009   Thumb Code   192  rtc.o(i.RTC_Init)
    RTC_Set                                  0x080060e9   Thumb Code   184  rtc.o(i.RTC_Set)
    RTC_SetCounter                           0x080061b1   Thumb Code    24  stm32f10x_rtc.o(i.RTC_SetCounter)
    RTC_SetPrescaler                         0x080061cd   Thumb Code    26  stm32f10x_rtc.o(i.RTC_SetPrescaler)
    RTC_WaitForLastTask                      0x080061ed   Thumb Code    16  stm32f10x_rtc.o(i.RTC_WaitForLastTask)
    RTC_WaitForSynchro                       0x08006201   Thumb Code    30  stm32f10x_rtc.o(i.RTC_WaitForSynchro)
    SVC_Handler                              0x08006225   Thumb Code     2  stm32f10x_it.o(i.SVC_Handler)
    Switch_Time_Format                       0x08006311   Thumb Code    24  main.o(i.Switch_Time_Format)
    SysTick_CLKSourceConfig                  0x0800632d   Thumb Code    40  misc.o(i.SysTick_CLKSourceConfig)
    SysTick_Handler                          0x08006355   Thumb Code     2  stm32f10x_it.o(i.SysTick_Handler)
    SystemInit                               0x08006359   Thumb Code    78  system_stm32f10x.o(i.SystemInit)
    TIM1_PWM_Init                            0x080063b9   Thumb Code   126  timer.o(i.TIM1_PWM_Init)
    TIM2_IRQHandler                          0x0800643d   Thumb Code    32  main.o(i.TIM2_IRQHandler)
    TIM2_Int_Init                            0x08006461   Thumb Code    92  timer.o(i.TIM2_Int_Init)
    TIM3_IRQHandler                          0x080064bd   Thumb Code    32  main.o(i.TIM3_IRQHandler)
    TIM3_Int_Init                            0x080064e5   Thumb Code    90  timer.o(i.TIM3_Int_Init)
    TIM4_IRQHandler                          0x08006545   Thumb Code    46  usmart.o(i.TIM4_IRQHandler)
    TIM_ARRPreloadConfig                     0x0800657d   Thumb Code    24  stm32f10x_tim.o(i.TIM_ARRPreloadConfig)
    TIM_ClearFlag                            0x08006595   Thumb Code     6  stm32f10x_tim.o(i.TIM_ClearFlag)
    TIM_ClearITPendingBit                    0x0800659b   Thumb Code     6  stm32f10x_tim.o(i.TIM_ClearITPendingBit)
    TIM_Cmd                                  0x080065a1   Thumb Code    24  stm32f10x_tim.o(i.TIM_Cmd)
    TIM_CtrlPWMOutputs                       0x080065b9   Thumb Code    30  stm32f10x_tim.o(i.TIM_CtrlPWMOutputs)
    TIM_GetCounter                           0x080065d7   Thumb Code     6  stm32f10x_tim.o(i.TIM_GetCounter)
    TIM_GetFlagStatus                        0x080065dd   Thumb Code    18  stm32f10x_tim.o(i.TIM_GetFlagStatus)
    TIM_GetITStatus                          0x080065ef   Thumb Code    34  stm32f10x_tim.o(i.TIM_GetITStatus)
    TIM_ITConfig                             0x08006611   Thumb Code    18  stm32f10x_tim.o(i.TIM_ITConfig)
    TIM_OC3Init                              0x08006625   Thumb Code   150  stm32f10x_tim.o(i.TIM_OC3Init)
    TIM_OC3PreloadConfig                     0x080066c5   Thumb Code    18  stm32f10x_tim.o(i.TIM_OC3PreloadConfig)
    TIM_SetAutoreload                        0x080066d7   Thumb Code     4  stm32f10x_tim.o(i.TIM_SetAutoreload)
    TIM_SetCompare3                          0x080066db   Thumb Code     4  stm32f10x_tim.o(i.TIM_SetCompare3)
    TIM_SetCounter                           0x080066df   Thumb Code     4  stm32f10x_tim.o(i.TIM_SetCounter)
    TIM_TimeBaseInit                         0x080066e5   Thumb Code   122  stm32f10x_tim.o(i.TIM_TimeBaseInit)
    Timer4_Init                              0x08006789   Thumb Code    88  usmart.o(i.Timer4_Init)
    USART1_IRQHandler                        0x080067e5   Thumb Code   122  usart.o(i.USART1_IRQHandler)
    USART_Cmd                                0x0800686d   Thumb Code    24  stm32f10x_usart.o(i.USART_Cmd)
    USART_GetITStatus                        0x08006885   Thumb Code    84  stm32f10x_usart.o(i.USART_GetITStatus)
    USART_ITConfig                           0x080068d9   Thumb Code    74  stm32f10x_usart.o(i.USART_ITConfig)
    USART_Init                               0x08006925   Thumb Code   210  stm32f10x_usart.o(i.USART_Init)
    USART_ReceiveData                        0x080069fd   Thumb Code    10  stm32f10x_usart.o(i.USART_ReceiveData)
    UsageFault_Handler                       0x08006a07   Thumb Code     4  stm32f10x_it.o(i.UsageFault_Handler)
    _is_digit                                0x08006a0b   Thumb Code    14  __printf_wp.o(i._is_digit)
    _sys_exit                                0x08006a19   Thumb Code     4  usart.o(i._sys_exit)
    delay_init                               0x08006a1d   Thumb Code    50  delay.o(i.delay_init)
    delay_ms                                 0x08006a61   Thumb Code    72  delay.o(i.delay_ms)
    delay_us                                 0x08006aad   Thumb Code    72  delay.o(i.delay_us)
    fputc                                    0x08006af9   Thumb Code    24  usart.o(i.fputc)
    keyhandle                                0x08006b15   Thumb Code   174  key.o(i.keyhandle)
    keyscan                                  0x08006bc9   Thumb Code   160  key.o(i.keyscan)
    main                                     0x08006c6d   Thumb Code   428  main.o(i.main)
    read_addr                                0x08006f41   Thumb Code     6  usmart.o(i.read_addr)
    set_start_time                           0x08006f49   Thumb Code   308  main.o(i.set_start_time)
    set_stop_time                            0x080070f1   Thumb Code   308  main.o(i.set_stop_time)
    simulate_mode1                           0x08007299   Thumb Code   304  main.o(i.simulate_mode1)
    simulate_mode2                           0x08007405   Thumb Code   538  main.o(i.simulate_mode2)
    uart_init                                0x0800766d   Thumb Code   152  usart.o(i.uart_init)
    usmart_cmd_rec                           0x0800770d   Thumb Code   170  usmart.o(i.usmart_cmd_rec)
    usmart_exe                               0x080077bd   Thumb Code   632  usmart.o(i.usmart_exe)
    usmart_get_aparm                         0x08007a91   Thumb Code   200  usmart_str.o(i.usmart_get_aparm)
    usmart_get_cmdname                       0x08007b59   Thumb Code    54  usmart_str.o(i.usmart_get_cmdname)
    usmart_get_fname                         0x08007b91   Thumb Code   440  usmart_str.o(i.usmart_get_fname)
    usmart_get_fparam                        0x08007d51   Thumb Code   262  usmart_str.o(i.usmart_get_fparam)
    usmart_get_parmpos                       0x08007e5d   Thumb Code    26  usmart_str.o(i.usmart_get_parmpos)
    usmart_get_runtime                       0x08007e7d   Thumb Code    60  usmart.o(i.usmart_get_runtime)
    usmart_init                              0x08007ec1   Thumb Code    36  usmart.o(i.usmart_init)
    usmart_pow                               0x08007ee9   Thumb Code    22  usmart_str.o(i.usmart_pow)
    usmart_reset_runtime                     0x08007f01   Thumb Code    38  usmart.o(i.usmart_reset_runtime)
    usmart_scan                              0x08007f31   Thumb Code   120  usmart.o(i.usmart_scan)
    usmart_search_nextc                      0x08007fed   Thumb Code    22  usmart_str.o(i.usmart_search_nextc)
    usmart_str2num                           0x08008003   Thumb Code   202  usmart_str.o(i.usmart_str2num)
    usmart_strcmp                            0x080080cd   Thumb Code    34  usmart_str.o(i.usmart_strcmp)
    usmart_strcopy                           0x080080ef   Thumb Code    22  usmart_str.o(i.usmart_strcopy)
    usmart_strlen                            0x08008105   Thumb Code    24  usmart_str.o(i.usmart_strlen)
    usmart_sys_cmd_exe                       0x0800811d   Thumb Code  1554  usmart.o(i.usmart_sys_cmd_exe)
    write_addr                               0x08008801   Thumb Code     4  usmart.o(i.write_addr)
    __aeabi_d2uiz                            0x08008805   Thumb Code     0  dfixu.o(x$fpl$dfixu)
    _dfixu                                   0x08008805   Thumb Code    90  dfixu.o(x$fpl$dfixu)
    __aeabi_ui2d                             0x0800885f   Thumb Code     0  dflt_clz.o(x$fpl$dfltu)
    _dfltu                                   0x0800885f   Thumb Code    38  dflt_clz.o(x$fpl$dfltu)
    __aeabi_dmul                             0x08008885   Thumb Code     0  dmul.o(x$fpl$dmul)
    _dmul                                    0x08008885   Thumb Code   332  dmul.o(x$fpl$dmul)
    __fpl_dnaninf                            0x080089d9   Thumb Code   156  dnaninf.o(x$fpl$dnaninf)
    __fpl_dretinf                            0x08008a75   Thumb Code    12  dretinf.o(x$fpl$dretinf)
    __I$use$fp                               0x08008a80   Number         0  usenofp.o(x$fpl$usenofp)
    asc2_1206                                0x08008a80   Data        1140  lcd.o(.constdata)
    asc2_1608                                0x08008ef4   Data        1520  lcd.o(.constdata)
    asc2_2412                                0x080094e4   Data        3420  lcd.o(.constdata)
    table_week                               0x0800a240   Data          12  rtc.o(.constdata)
    mon_table                                0x0800a24c   Data          12  rtc.o(.constdata)
    Region$$Table$$Base                      0x0800a364   Number         0  anon$$obj.o(Region$$Table)
    Region$$Table$$Limit                     0x0800a384   Number         0  anon$$obj.o(Region$$Table)
    POINT_COLOR                              0x20000000   Data           2  lcd.o(.data)
    BACK_COLOR                               0x20000002   Data           2  lcd.o(.data)
    keyz                                     0x20000006   Data           2  key.o(.data)
    __stdout                                 0x20000020   Data           4  usart.o(.data)
    USART_RX_STA                             0x20000024   Data           2  usart.o(.data)
    sys_cmd_tab                              0x20000028   Data          28  usmart.o(.data)
    usmart_nametab                           0x20000044   Data          40  usmart_config.o(.data)
    usmart_dev                               0x2000006c   Data         244  usmart_config.o(.data)
    Num                                      0x20000160   Data           2  main.o(.data)
    count                                    0x20000162   Data           2  main.o(.data)
    current_state                            0x20000164   Data           1  main.o(.data)
    currentsetTime                           0x20000165   Data           6  main.o(.data)
    currentTimeFormat                        0x2000016b   Data           1  main.o(.data)
    SystemCoreClock                          0x2000016c   Data           4  system_stm32f10x.o(.data)
    AHBPrescTable                            0x20000170   Data          16  system_stm32f10x.o(.data)
    lcddev                                   0x20000180   Data          14  lcd.o(.bss)
    calendar                                 0x2000018e   Data          10  rtc.o(.bss)
    USART_RX_BUF                             0x20000198   Data         200  usart.o(.bss)
    __libspace_start                         0x20000260   Data          96  libspace.o(.bss)
    __temporary_stack_top$libspace           0x200002c0   Data           0  libspace.o(.bss)



==============================================================================

Memory Map of the image

  Image Entry point : 0x08000131

  Load Region LR_IROM1 (Base: 0x08000000, Size: 0x0000a504, Max: 0x00080000, ABSOLUTE, COMPRESSED[0x0000a3fc])

    Execution Region ER_IROM1 (Exec base: 0x08000000, Load base: 0x08000000, Size: 0x0000a384, Max: 0x00080000, ABSOLUTE)

    Exec Addr    Load Addr    Size         Type   Attr      Idx    E Section Name        Object

    0x08000000   0x08000000   0x00000130   Data   RO           19    RESET               startup_stm32f10x_hd.o
    0x08000130   0x08000130   0x00000008   Code   RO         2787  * !!!main             c_w.l(__main.o)
    0x08000138   0x08000138   0x00000034   Code   RO         2978    !!!scatter          c_w.l(__scatter.o)
    0x0800016c   0x0800016c   0x0000005a   Code   RO         2976    !!dczerorl2         c_w.l(__dczerorl2.o)
    0x080001c6   0x080001c6   0x00000002   PAD
    0x080001c8   0x080001c8   0x0000001c   Code   RO         2980    !!handler_zi        c_w.l(__scatter_zi.o)
    0x080001e4   0x080001e4   0x00000000   Code   RO         2782    .ARM.Collect$$_printf_percent$$00000000  c_w.l(_printf_percent.o)
    0x080001e4   0x080001e4   0x00000006   Code   RO         2780    .ARM.Collect$$_printf_percent$$00000009  c_w.l(_printf_d.o)
    0x080001ea   0x080001ea   0x00000006   Code   RO         2781    .ARM.Collect$$_printf_percent$$0000000A  c_w.l(_printf_u.o)
    0x080001f0   0x080001f0   0x00000006   Code   RO         2779    .ARM.Collect$$_printf_percent$$0000000C  c_w.l(_printf_x.o)
    0x080001f6   0x080001f6   0x00000006   Code   RO         2777    .ARM.Collect$$_printf_percent$$00000013  c_w.l(_printf_c.o)
    0x080001fc   0x080001fc   0x00000006   Code   RO         2778    .ARM.Collect$$_printf_percent$$00000014  c_w.l(_printf_s.o)
    0x08000202   0x08000202   0x00000004   Code   RO         2814    .ARM.Collect$$_printf_percent$$00000017  c_w.l(_printf_percent_end.o)
    0x08000206   0x08000206   0x00000002   Code   RO         2850    .ARM.Collect$$libinit$$00000000  c_w.l(libinit.o)
    0x08000208   0x08000208   0x00000000   Code   RO         2857    .ARM.Collect$$libinit$$00000002  c_w.l(libinit2.o)
    0x08000208   0x08000208   0x00000000   Code   RO         2859    .ARM.Collect$$libinit$$00000004  c_w.l(libinit2.o)
    0x08000208   0x08000208   0x00000000   Code   RO         2862    .ARM.Collect$$libinit$$0000000A  c_w.l(libinit2.o)
    0x08000208   0x08000208   0x00000000   Code   RO         2864    .ARM.Collect$$libinit$$0000000C  c_w.l(libinit2.o)
    0x08000208   0x08000208   0x00000000   Code   RO         2866    .ARM.Collect$$libinit$$0000000E  c_w.l(libinit2.o)
    0x08000208   0x08000208   0x00000000   Code   RO         2869    .ARM.Collect$$libinit$$00000011  c_w.l(libinit2.o)
    0x08000208   0x08000208   0x00000000   Code   RO         2871    .ARM.Collect$$libinit$$00000013  c_w.l(libinit2.o)
    0x08000208   0x08000208   0x00000000   Code   RO         2873    .ARM.Collect$$libinit$$00000015  c_w.l(libinit2.o)
    0x08000208   0x08000208   0x00000000   Code   RO         2875    .ARM.Collect$$libinit$$00000017  c_w.l(libinit2.o)
    0x08000208   0x08000208   0x00000000   Code   RO         2877    .ARM.Collect$$libinit$$00000019  c_w.l(libinit2.o)
    0x08000208   0x08000208   0x00000000   Code   RO         2879    .ARM.Collect$$libinit$$0000001B  c_w.l(libinit2.o)
    0x08000208   0x08000208   0x00000000   Code   RO         2881    .ARM.Collect$$libinit$$0000001D  c_w.l(libinit2.o)
    0x08000208   0x08000208   0x00000000   Code   RO         2883    .ARM.Collect$$libinit$$0000001F  c_w.l(libinit2.o)
    0x08000208   0x08000208   0x00000000   Code   RO         2885    .ARM.Collect$$libinit$$00000021  c_w.l(libinit2.o)
    0x08000208   0x08000208   0x00000000   Code   RO         2887    .ARM.Collect$$libinit$$00000023  c_w.l(libinit2.o)
    0x08000208   0x08000208   0x00000000   Code   RO         2889    .ARM.Collect$$libinit$$00000025  c_w.l(libinit2.o)
    0x08000208   0x08000208   0x00000000   Code   RO         2893    .ARM.Collect$$libinit$$0000002C  c_w.l(libinit2.o)
    0x08000208   0x08000208   0x00000000   Code   RO         2895    .ARM.Collect$$libinit$$0000002E  c_w.l(libinit2.o)
    0x08000208   0x08000208   0x00000000   Code   RO         2897    .ARM.Collect$$libinit$$00000030  c_w.l(libinit2.o)
    0x08000208   0x08000208   0x00000000   Code   RO         2899    .ARM.Collect$$libinit$$00000032  c_w.l(libinit2.o)
    0x08000208   0x08000208   0x00000002   Code   RO         2900    .ARM.Collect$$libinit$$00000033  c_w.l(libinit2.o)
    0x0800020a   0x0800020a   0x00000002   Code   RO         2918    .ARM.Collect$$libshutdown$$00000000  c_w.l(libshutdown.o)
    0x0800020c   0x0800020c   0x00000000   Code   RO         2928    .ARM.Collect$$libshutdown$$00000002  c_w.l(libshutdown2.o)
    0x0800020c   0x0800020c   0x00000000   Code   RO         2930    .ARM.Collect$$libshutdown$$00000004  c_w.l(libshutdown2.o)
    0x0800020c   0x0800020c   0x00000000   Code   RO         2933    .ARM.Collect$$libshutdown$$00000007  c_w.l(libshutdown2.o)
    0x0800020c   0x0800020c   0x00000000   Code   RO         2936    .ARM.Collect$$libshutdown$$0000000A  c_w.l(libshutdown2.o)
    0x0800020c   0x0800020c   0x00000000   Code   RO         2938    .ARM.Collect$$libshutdown$$0000000C  c_w.l(libshutdown2.o)
    0x0800020c   0x0800020c   0x00000000   Code   RO         2941    .ARM.Collect$$libshutdown$$0000000F  c_w.l(libshutdown2.o)
    0x0800020c   0x0800020c   0x00000002   Code   RO         2942    .ARM.Collect$$libshutdown$$00000010  c_w.l(libshutdown2.o)
    0x0800020e   0x0800020e   0x00000000   Code   RO         2803    .ARM.Collect$$rtentry$$00000000  c_w.l(__rtentry.o)
    0x0800020e   0x0800020e   0x00000000   Code   RO         2821    .ARM.Collect$$rtentry$$00000002  c_w.l(__rtentry2.o)
    0x0800020e   0x0800020e   0x00000006   Code   RO         2833    .ARM.Collect$$rtentry$$00000004  c_w.l(__rtentry4.o)
    0x08000214   0x08000214   0x00000000   Code   RO         2823    .ARM.Collect$$rtentry$$00000009  c_w.l(__rtentry2.o)
    0x08000214   0x08000214   0x00000004   Code   RO         2824    .ARM.Collect$$rtentry$$0000000A  c_w.l(__rtentry2.o)
    0x08000218   0x08000218   0x00000000   Code   RO         2826    .ARM.Collect$$rtentry$$0000000C  c_w.l(__rtentry2.o)
    0x08000218   0x08000218   0x00000008   Code   RO         2827    .ARM.Collect$$rtentry$$0000000D  c_w.l(__rtentry2.o)
    0x08000220   0x08000220   0x00000002   Code   RO         2854    .ARM.Collect$$rtexit$$00000000  c_w.l(rtexit.o)
    0x08000222   0x08000222   0x00000000   Code   RO         2902    .ARM.Collect$$rtexit$$00000002  c_w.l(rtexit2.o)
    0x08000222   0x08000222   0x00000004   Code   RO         2903    .ARM.Collect$$rtexit$$00000003  c_w.l(rtexit2.o)
    0x08000226   0x08000226   0x00000006   Code   RO         2904    .ARM.Collect$$rtexit$$00000004  c_w.l(rtexit2.o)
    0x0800022c   0x0800022c   0x00000040   Code   RO           20    .text               startup_stm32f10x_hd.o
    0x0800026c   0x0800026c   0x00000002   Code   RO         2718    .text               c_w.l(use_no_semi_2.o)
    0x0800026e   0x0800026e   0x00000002   PAD
    0x08000270   0x08000270   0x00000018   Code   RO         2724    .text               c_w.l(noretval__2printf.o)
    0x08000288   0x08000288   0x0000004e   Code   RO         2730    .text               c_w.l(_printf_pad.o)
    0x080002d6   0x080002d6   0x00000052   Code   RO         2732    .text               c_w.l(_printf_str.o)
    0x08000328   0x08000328   0x00000078   Code   RO         2734    .text               c_w.l(_printf_dec.o)
    0x080003a0   0x080003a0   0x00000058   Code   RO         2739    .text               c_w.l(_printf_hex_int.o)
    0x080003f8   0x080003f8   0x00000188   Code   RO         2774    .text               c_w.l(__printf_flags_ss_wp.o)
    0x08000580   0x08000580   0x00000048   Code   RO         2783    .text               c_w.l(strcpy.o)
    0x080005c8   0x080005c8   0x00000006   Code   RO         2785    .text               c_w.l(heapauxi.o)
    0x080005ce   0x080005ce   0x00000002   Code   RO         2801    .text               c_w.l(use_no_semi.o)
    0x080005d0   0x080005d0   0x000000b2   Code   RO         2804    .text               c_w.l(_printf_intcommon.o)
    0x08000682   0x08000682   0x00000002   PAD
    0x08000684   0x08000684   0x00000030   Code   RO         2806    .text               c_w.l(_printf_char_common.o)
    0x080006b4   0x080006b4   0x0000002c   Code   RO         2810    .text               c_w.l(_printf_char.o)
    0x080006e0   0x080006e0   0x00000024   Code   RO         2812    .text               c_w.l(_printf_char_file.o)
    0x08000704   0x08000704   0x00000008   Code   RO         2837    .text               c_w.l(ferror.o)
    0x0800070c   0x0800070c   0x0000004a   Code   RO         2841    .text               c_w.l(sys_stackheap_outer.o)
    0x08000756   0x08000756   0x00000012   Code   RO         2843    .text               c_w.l(exit.o)
    0x08000768   0x08000768   0x00000008   Code   RO         2851    .text               c_w.l(libspace.o)
    0x08000770   0x08000770   0x00000016   Code   RO         2001    i.ADC_Cmd           stm32f10x_adc.o
    0x08000786   0x08000786   0x00000002   PAD
    0x08000788   0x08000788   0x0000005c   Code   RO         2003    i.ADC_DeInit        stm32f10x_adc.o
    0x080007e4   0x080007e4   0x00000014   Code   RO         2009    i.ADC_GetCalibrationStatus  stm32f10x_adc.o
    0x080007f8   0x080007f8   0x00000008   Code   RO         2010    i.ADC_GetConversionValue  stm32f10x_adc.o
    0x08000800   0x08000800   0x00000012   Code   RO         2012    i.ADC_GetFlagStatus  stm32f10x_adc.o
    0x08000812   0x08000812   0x00000014   Code   RO         2015    i.ADC_GetResetCalibrationStatus  stm32f10x_adc.o
    0x08000826   0x08000826   0x00000002   PAD
    0x08000828   0x08000828   0x00000050   Code   RO         2019    i.ADC_Init          stm32f10x_adc.o
    0x08000878   0x08000878   0x000000b8   Code   RO         2023    i.ADC_RegularChannelConfig  stm32f10x_adc.o
    0x08000930   0x08000930   0x0000000a   Code   RO         2024    i.ADC_ResetCalibration  stm32f10x_adc.o
    0x0800093a   0x0800093a   0x00000016   Code   RO         2026    i.ADC_SoftwareStartConvCmd  stm32f10x_adc.o
    0x08000950   0x08000950   0x0000000a   Code   RO         2028    i.ADC_StartCalibration  stm32f10x_adc.o
    0x0800095a   0x0800095a   0x00000002   PAD
    0x0800095c   0x0800095c   0x0000008c   Code   RO          518    i.Adc_Init          adc.o
    0x080009e8   0x080009e8   0x000000b4   Code   RO         2491    i.Adjust_Speed      main.o
    0x08000a9c   0x08000a9c   0x00000138   Code   RO         2492    i.Adjust_Time       main.o
    0x08000bd4   0x08000bd4   0x00000038   Code   RO           24    i.BEEP_Init         beep.o
    0x08000c0c   0x08000c0c   0x00000010   Code   RO         1101    i.BKP_DeInit        stm32f10x_bkp.o
    0x08000c1c   0x08000c1c   0x0000001c   Code   RO         1106    i.BKP_ReadBackupRegister  stm32f10x_bkp.o
    0x08000c38   0x08000c38   0x0000001c   Code   RO         1110    i.BKP_WriteBackupRegister  stm32f10x_bkp.o
    0x08000c54   0x08000c54   0x00000004   Code   RO         2593    i.BusFault_Handler  stm32f10x_it.o
    0x08000c58   0x08000c58   0x000000dc   Code   RO         2493    i.Check_Timer       main.o
    0x08000d34   0x08000d34   0x00000188   Code   RO         2494    i.Control_Speed     main.o
    0x08000ebc   0x08000ebc   0x00000118   Code   RO         2495    i.Control_Stopwatch  main.o
    0x08000fd4   0x08000fd4   0x0000002c   Code   RO          125    i.DCMOTOR_Init      dcmotor.o
    0x08001000   0x08001000   0x00000002   Code   RO         2594    i.DebugMon_Handler  stm32f10x_it.o
    0x08001002   0x08001002   0x00000002   PAD
    0x08001004   0x08001004   0x00000050   Code   RO         2496    i.Display_Stopwatch  main.o
    0x08001054   0x08001054   0x0000012c   Code   RO         2497    i.Display_Time      main.o
    0x08001180   0x08001180   0x00000034   Code   RO         1188    i.FSMC_NORSRAMCmd   stm32f10x_fsmc.o
    0x080011b4   0x080011b4   0x000000e6   Code   RO         1190    i.FSMC_NORSRAMInit  stm32f10x_fsmc.o
    0x0800129a   0x0800129a   0x00000116   Code   RO          587    i.GPIO_Init         stm32f10x_gpio.o
    0x080013b0   0x080013b0   0x00000090   Code   RO          589    i.GPIO_PinRemapConfig  stm32f10x_gpio.o
    0x08001440   0x08001440   0x00000008   Code   RO          590    i.GPIO_ReadInputData  stm32f10x_gpio.o
    0x08001448   0x08001448   0x00000004   Code   RO          594    i.GPIO_ResetBits    stm32f10x_gpio.o
    0x0800144c   0x0800144c   0x00000004   Code   RO          595    i.GPIO_SetBits      stm32f10x_gpio.o
    0x08001450   0x08001450   0x00000004   Code   RO          597    i.GPIO_Write        stm32f10x_gpio.o
    0x08001454   0x08001454   0x00000034   Code   RO          519    i.Get_Adc           adc.o
    0x08001488   0x08001488   0x0000002e   Code   RO          520    i.Get_Adc_Average   adc.o
    0x080014b6   0x080014b6   0x00000004   Code   RO         2595    i.HardFault_Handler  stm32f10x_it.o
    0x080014ba   0x080014ba   0x0000003a   Code   RO          384    i.Is_Leap_Year      rtc.o
    0x080014f4   0x080014f4   0x00000044   Code   RO          488    i.KEY_Init          key.o
    0x08001538   0x08001538   0x0000006c   Code   RO          147    i.LCD_Clear         lcd.o
    0x080015a4   0x080015a4   0x00000200   Code   RO          151    i.LCD_Display_Dir   lcd.o
    0x080017a4   0x080017a4   0x000001c8   Code   RO          156    i.LCD_Fast_DrawPoint  lcd.o
    0x0800196c   0x0800196c   0x0000395c   Code   RO          158    i.LCD_Init          lcd.o
    0x080052c8   0x080052c8   0x00000016   Code   RO          159    i.LCD_Pow           lcd.o
    0x080052de   0x080052de   0x00000002   PAD
    0x080052e0   0x080052e0   0x00000014   Code   RO          160    i.LCD_RD_DATA       lcd.o
    0x080052f4   0x080052f4   0x00000054   Code   RO          163    i.LCD_SSD_BackLightSet  lcd.o
    0x08005348   0x08005348   0x000002f8   Code   RO          164    i.LCD_Scan_Dir      lcd.o
    0x08005640   0x08005640   0x00000210   Code   RO          165    i.LCD_SetCursor     lcd.o
    0x08005850   0x08005850   0x00000128   Code   RO          167    i.LCD_ShowChar      lcd.o
    0x08005978   0x08005978   0x00000094   Code   RO          169    i.LCD_ShowNum       lcd.o
    0x08005a0c   0x08005a0c   0x00000066   Code   RO          170    i.LCD_ShowString    lcd.o
    0x08005a72   0x08005a72   0x00000002   PAD
    0x08005a74   0x08005a74   0x0000000c   Code   RO          172    i.LCD_WR_DATA       lcd.o
    0x08005a80   0x08005a80   0x0000000c   Code   RO          173    i.LCD_WR_REG        lcd.o
    0x08005a8c   0x08005a8c   0x00000014   Code   RO          175    i.LCD_WriteRAM_Prepare  lcd.o
    0x08005aa0   0x08005aa0   0x00000010   Code   RO          176    i.LCD_WriteReg      lcd.o
    0x08005ab0   0x08005ab0   0x00000040   Code   RO          369    i.LED_Init          led.o
    0x08005af0   0x08005af0   0x00000004   Code   RO         2596    i.MemManage_Handler  stm32f10x_it.o
    0x08005af4   0x08005af4   0x00000002   Code   RO         2597    i.NMI_Handler       stm32f10x_it.o
    0x08005af6   0x08005af6   0x00000002   PAD
    0x08005af8   0x08005af8   0x00000070   Code   RO          545    i.NVIC_Init         misc.o
    0x08005b68   0x08005b68   0x00000014   Code   RO          546    i.NVIC_PriorityGroupConfig  misc.o
    0x08005b7c   0x08005b7c   0x0000000c   Code   RO         1297    i.PWR_BackupAccessCmd  stm32f10x_pwr.o
    0x08005b88   0x08005b88   0x00000002   Code   RO         2598    i.PendSV_Handler    stm32f10x_it.o
    0x08005b8a   0x08005b8a   0x00000002   PAD
    0x08005b8c   0x08005b8c   0x00000018   Code   RO          899    i.RCC_ADCCLKConfig  stm32f10x_rcc.o
    0x08005ba4   0x08005ba4   0x00000020   Code   RO          900    i.RCC_AHBPeriphClockCmd  stm32f10x_rcc.o
    0x08005bc4   0x08005bc4   0x00000020   Code   RO          901    i.RCC_APB1PeriphClockCmd  stm32f10x_rcc.o
    0x08005be4   0x08005be4   0x00000020   Code   RO          903    i.RCC_APB2PeriphClockCmd  stm32f10x_rcc.o
    0x08005c04   0x08005c04   0x00000020   Code   RO          904    i.RCC_APB2PeriphResetCmd  stm32f10x_rcc.o
    0x08005c24   0x08005c24   0x0000000c   Code   RO          906    i.RCC_BackupResetCmd  stm32f10x_rcc.o
    0x08005c30   0x08005c30   0x000000d4   Code   RO          911    i.RCC_GetClocksFreq  stm32f10x_rcc.o
    0x08005d04   0x08005d04   0x0000003c   Code   RO          912    i.RCC_GetFlagStatus  stm32f10x_rcc.o
    0x08005d40   0x08005d40   0x00000034   Code   RO          919    i.RCC_LSEConfig     stm32f10x_rcc.o
    0x08005d74   0x08005d74   0x0000000c   Code   RO          926    i.RCC_RTCCLKCmd     stm32f10x_rcc.o
    0x08005d80   0x08005d80   0x00000010   Code   RO          927    i.RCC_RTCCLKConfig  stm32f10x_rcc.o
    0x08005d90   0x08005d90   0x00000010   Code   RO         1358    i.RTC_ClearITPendingBit  stm32f10x_rtc.o
    0x08005da0   0x08005da0   0x00000014   Code   RO         1359    i.RTC_EnterConfigMode  stm32f10x_rtc.o
    0x08005db4   0x08005db4   0x00000014   Code   RO         1360    i.RTC_ExitConfigMode  stm32f10x_rtc.o
    0x08005dc8   0x08005dc8   0x00000100   Code   RO          386    i.RTC_Get           rtc.o
    0x08005ec8   0x08005ec8   0x00000014   Code   RO         1361    i.RTC_GetCounter    stm32f10x_rtc.o
    0x08005edc   0x08005edc   0x00000024   Code   RO         1364    i.RTC_GetITStatus   stm32f10x_rtc.o
    0x08005f00   0x08005f00   0x00000078   Code   RO          387    i.RTC_Get_Week      rtc.o
    0x08005f78   0x08005f78   0x00000070   Code   RO          388    i.RTC_IRQHandler    rtc.o
    0x08005fe8   0x08005fe8   0x00000020   Code   RO         1365    i.RTC_ITConfig      stm32f10x_rtc.o
    0x08006008   0x08006008   0x000000c0   Code   RO          389    i.RTC_Init          rtc.o
    0x080060c8   0x080060c8   0x00000020   Code   RO          390    i.RTC_NVIC_Config   rtc.o
    0x080060e8   0x080060e8   0x000000c8   Code   RO          391    i.RTC_Set           rtc.o
    0x080061b0   0x080061b0   0x0000001c   Code   RO         1367    i.RTC_SetCounter    stm32f10x_rtc.o
    0x080061cc   0x080061cc   0x00000020   Code   RO         1368    i.RTC_SetPrescaler  stm32f10x_rtc.o
    0x080061ec   0x080061ec   0x00000014   Code   RO         1369    i.RTC_WaitForLastTask  stm32f10x_rtc.o
    0x08006200   0x08006200   0x00000024   Code   RO         1370    i.RTC_WaitForSynchro  stm32f10x_rtc.o
    0x08006224   0x08006224   0x00000002   Code   RO         2599    i.SVC_Handler       stm32f10x_it.o
    0x08006226   0x08006226   0x00000008   Code   RO         2682    i.SetSysClock       system_stm32f10x.o
    0x0800622e   0x0800622e   0x00000002   PAD
    0x08006230   0x08006230   0x000000e0   Code   RO         2683    i.SetSysClockTo72   system_stm32f10x.o
    0x08006310   0x08006310   0x0000001c   Code   RO         2498    i.Switch_Time_Format  main.o
    0x0800632c   0x0800632c   0x00000028   Code   RO          549    i.SysTick_CLKSourceConfig  misc.o
    0x08006354   0x08006354   0x00000002   Code   RO         2600    i.SysTick_Handler   stm32f10x_it.o
    0x08006356   0x08006356   0x00000002   PAD
    0x08006358   0x08006358   0x00000060   Code   RO         2685    i.SystemInit        system_stm32f10x.o
    0x080063b8   0x080063b8   0x00000084   Code   RO          449    i.TIM1_PWM_Init     timer.o
    0x0800643c   0x0800643c   0x00000024   Code   RO         2499    i.TIM2_IRQHandler   main.o
    0x08006460   0x08006460   0x0000005c   Code   RO          450    i.TIM2_Int_Init     timer.o
    0x080064bc   0x080064bc   0x00000028   Code   RO         2500    i.TIM3_IRQHandler   main.o
    0x080064e4   0x080064e4   0x00000060   Code   RO          451    i.TIM3_Int_Init     timer.o
    0x08006544   0x08006544   0x00000038   Code   RO         2312    i.TIM4_IRQHandler   usmart.o
    0x0800657c   0x0800657c   0x00000018   Code   RO         1451    i.TIM_ARRPreloadConfig  stm32f10x_tim.o
    0x08006594   0x08006594   0x00000006   Code   RO         1457    i.TIM_ClearFlag     stm32f10x_tim.o
    0x0800659a   0x0800659a   0x00000006   Code   RO         1458    i.TIM_ClearITPendingBit  stm32f10x_tim.o
    0x080065a0   0x080065a0   0x00000018   Code   RO         1463    i.TIM_Cmd           stm32f10x_tim.o
    0x080065b8   0x080065b8   0x0000001e   Code   RO         1465    i.TIM_CtrlPWMOutputs  stm32f10x_tim.o
    0x080065d6   0x080065d6   0x00000006   Code   RO         1482    i.TIM_GetCounter    stm32f10x_tim.o
    0x080065dc   0x080065dc   0x00000012   Code   RO         1483    i.TIM_GetFlagStatus  stm32f10x_tim.o
    0x080065ee   0x080065ee   0x00000022   Code   RO         1484    i.TIM_GetITStatus   stm32f10x_tim.o
    0x08006610   0x08006610   0x00000012   Code   RO         1488    i.TIM_ITConfig      stm32f10x_tim.o
    0x08006622   0x08006622   0x00000002   PAD
    0x08006624   0x08006624   0x000000a0   Code   RO         1502    i.TIM_OC3Init       stm32f10x_tim.o
    0x080066c4   0x080066c4   0x00000012   Code   RO         1505    i.TIM_OC3PreloadConfig  stm32f10x_tim.o
    0x080066d6   0x080066d6   0x00000004   Code   RO         1522    i.TIM_SetAutoreload  stm32f10x_tim.o
    0x080066da   0x080066da   0x00000004   Code   RO         1526    i.TIM_SetCompare3   stm32f10x_tim.o
    0x080066de   0x080066de   0x00000004   Code   RO         1528    i.TIM_SetCounter    stm32f10x_tim.o
    0x080066e2   0x080066e2   0x00000002   PAD
    0x080066e4   0x080066e4   0x000000a4   Code   RO         1534    i.TIM_TimeBaseInit  stm32f10x_tim.o
    0x08006788   0x08006788   0x0000005c   Code   RO         2313    i.Timer4_Init       usmart.o
    0x080067e4   0x080067e4   0x00000088   Code   RO         2271    i.USART1_IRQHandler  usart.o
    0x0800686c   0x0800686c   0x00000018   Code   RO          723    i.USART_Cmd         stm32f10x_usart.o
    0x08006884   0x08006884   0x00000054   Code   RO          727    i.USART_GetITStatus  stm32f10x_usart.o
    0x080068d8   0x080068d8   0x0000004a   Code   RO          729    i.USART_ITConfig    stm32f10x_usart.o
    0x08006922   0x08006922   0x00000002   PAD
    0x08006924   0x08006924   0x000000d8   Code   RO          730    i.USART_Init        stm32f10x_usart.o
    0x080069fc   0x080069fc   0x0000000a   Code   RO          737    i.USART_ReceiveData  stm32f10x_usart.o
    0x08006a06   0x08006a06   0x00000004   Code   RO         2601    i.UsageFault_Handler  stm32f10x_it.o
    0x08006a0a   0x08006a0a   0x0000000e   Code   RO         2767    i._is_digit         c_w.l(__printf_wp.o)
    0x08006a18   0x08006a18   0x00000004   Code   RO         2272    i._sys_exit         usart.o
    0x08006a1c   0x08006a1c   0x00000044   Code   RO         2217    i.delay_init        delay.o
    0x08006a60   0x08006a60   0x0000004c   Code   RO         2218    i.delay_ms          delay.o
    0x08006aac   0x08006aac   0x0000004c   Code   RO         2219    i.delay_us          delay.o
    0x08006af8   0x08006af8   0x0000001c   Code   RO         2273    i.fputc             usart.o
    0x08006b14   0x08006b14   0x000000b4   Code   RO          489    i.keyhandle         key.o
    0x08006bc8   0x08006bc8   0x000000a4   Code   RO          490    i.keyscan           key.o
    0x08006c6c   0x08006c6c   0x000002d4   Code   RO         2501    i.main              main.o
    0x08006f40   0x08006f40   0x00000006   Code   RO         2314    i.read_addr         usmart.o
    0x08006f46   0x08006f46   0x00000002   PAD
    0x08006f48   0x08006f48   0x000001a8   Code   RO         2502    i.set_start_time    main.o
    0x080070f0   0x080070f0   0x000001a8   Code   RO         2503    i.set_stop_time     main.o
    0x08007298   0x08007298   0x0000016c   Code   RO         2504    i.simulate_mode1    main.o
    0x08007404   0x08007404   0x00000268   Code   RO         2505    i.simulate_mode2    main.o
    0x0800766c   0x0800766c   0x000000a0   Code   RO         2274    i.uart_init         usart.o
    0x0800770c   0x0800770c   0x000000b0   Code   RO         2315    i.usmart_cmd_rec    usmart.o
    0x080077bc   0x080077bc   0x000002d4   Code   RO         2316    i.usmart_exe        usmart.o
    0x08007a90   0x08007a90   0x000000c8   Code   RO         2419    i.usmart_get_aparm  usmart_str.o
    0x08007b58   0x08007b58   0x00000036   Code   RO         2420    i.usmart_get_cmdname  usmart_str.o
    0x08007b8e   0x08007b8e   0x00000002   PAD
    0x08007b90   0x08007b90   0x000001c0   Code   RO         2421    i.usmart_get_fname  usmart_str.o
    0x08007d50   0x08007d50   0x0000010c   Code   RO         2422    i.usmart_get_fparam  usmart_str.o
    0x08007e5c   0x08007e5c   0x00000020   Code   RO         2423    i.usmart_get_parmpos  usmart_str.o
    0x08007e7c   0x08007e7c   0x00000044   Code   RO         2317    i.usmart_get_runtime  usmart.o
    0x08007ec0   0x08007ec0   0x00000028   Code   RO         2318    i.usmart_init       usmart.o
    0x08007ee8   0x08007ee8   0x00000016   Code   RO         2424    i.usmart_pow        usmart_str.o
    0x08007efe   0x08007efe   0x00000002   PAD
    0x08007f00   0x08007f00   0x00000030   Code   RO         2319    i.usmart_reset_runtime  usmart.o
    0x08007f30   0x08007f30   0x000000bc   Code   RO         2320    i.usmart_scan       usmart.o
    0x08007fec   0x08007fec   0x00000016   Code   RO         2425    i.usmart_search_nextc  usmart_str.o
    0x08008002   0x08008002   0x000000ca   Code   RO         2426    i.usmart_str2num    usmart_str.o
    0x080080cc   0x080080cc   0x00000022   Code   RO         2427    i.usmart_strcmp     usmart_str.o
    0x080080ee   0x080080ee   0x00000016   Code   RO         2428    i.usmart_strcopy    usmart_str.o
    0x08008104   0x08008104   0x00000018   Code   RO         2429    i.usmart_strlen     usmart_str.o
    0x0800811c   0x0800811c   0x000006e4   Code   RO         2321    i.usmart_sys_cmd_exe  usmart.o
    0x08008800   0x08008800   0x00000004   Code   RO         2322    i.write_addr        usmart.o
    0x08008804   0x08008804   0x0000005a   Code   RO         2789    x$fpl$dfixu         fz_ws.l(dfixu.o)
    0x0800885e   0x0800885e   0x00000026   Code   RO         2793    x$fpl$dfltu         fz_ws.l(dflt_clz.o)
    0x08008884   0x08008884   0x00000154   Code   RO         2799    x$fpl$dmul          fz_ws.l(dmul.o)
    0x080089d8   0x080089d8   0x0000009c   Code   RO         2815    x$fpl$dnaninf       fz_ws.l(dnaninf.o)
    0x08008a74   0x08008a74   0x0000000c   Code   RO         2817    x$fpl$dretinf       fz_ws.l(dretinf.o)
    0x08008a80   0x08008a80   0x00000000   Code   RO         2819    x$fpl$usenofp       fz_ws.l(usenofp.o)
    0x08008a80   0x08008a80   0x000017c0   Data   RO          179    .constdata          lcd.o
    0x0800a240   0x0800a240   0x00000018   Data   RO          393    .constdata          rtc.o
    0x0800a258   0x0800a258   0x00000028   Data   RO         2740    .constdata          c_w.l(_printf_hex_int.o)
    0x0800a280   0x0800a280   0x00000011   Data   RO         2775    .constdata          c_w.l(__printf_flags_ss_wp.o)
    0x0800a291   0x0800a291   0x00000003   PAD
    0x0800a294   0x0800a294   0x00000028   Data   RO         2323    .conststring        usmart.o
    0x0800a2bc   0x0800a2bc   0x000000a7   Data   RO         2395    .conststring        usmart_config.o
    0x0800a363   0x0800a363   0x00000001   PAD
    0x0800a364   0x0800a364   0x00000020   Data   RO         2974    Region$$Table       anon$$obj.o


    Execution Region RW_IRAM1 (Exec base: 0x20000000, Load base: 0x0800a384, Size: 0x000008c0, Max: 0x00010000, ABSOLUTE, COMPRESSED[0x00000078])

    Exec Addr    Load Addr    Size         Type   Attr      Idx    E Section Name        Object

    0x20000000   COMPRESSED   0x00000004   Data   RW          180    .data               lcd.o
    0x20000004   COMPRESSED   0x00000002   Data   RW          394    .data               rtc.o
    0x20000006   COMPRESSED   0x00000002   Data   RW          491    .data               key.o
    0x20000008   COMPRESSED   0x00000014   Data   RW          931    .data               stm32f10x_rcc.o
    0x2000001c   COMPRESSED   0x00000004   Data   RW         2220    .data               delay.o
    0x20000020   COMPRESSED   0x00000006   Data   RW         2276    .data               usart.o
    0x20000026   COMPRESSED   0x00000002   PAD
    0x20000028   COMPRESSED   0x0000001c   Data   RW         2324    .data               usmart.o
    0x20000044   COMPRESSED   0x0000011c   Data   RW         2396    .data               usmart_config.o
    0x20000160   COMPRESSED   0x0000000c   Data   RW         2506    .data               main.o
    0x2000016c   COMPRESSED   0x00000014   Data   RW         2686    .data               system_stm32f10x.o
    0x20000180        -       0x0000000e   Zero   RW          178    .bss                lcd.o
    0x2000018e        -       0x0000000a   Zero   RW          392    .bss                rtc.o
    0x20000198        -       0x000000c8   Zero   RW         2275    .bss                usart.o
    0x20000260        -       0x00000060   Zero   RW         2852    .bss                c_w.l(libspace.o)
    0x200002c0        -       0x00000200   Zero   RW           18    HEAP                startup_stm32f10x_hd.o
    0x200004c0        -       0x00000400   Zero   RW           17    STACK               startup_stm32f10x_hd.o


==============================================================================

Image component sizes


      Code (inc. data)   RO Data    RW Data    ZI Data      Debug   Object Name

       238         14          0          0          0       1647   adc.o
        56          6          0          0          0     265396   beep.o
         0          0          0          0          0       4548   core_cm3.o
        44          4          0          0          0        467   dcmotor.o
       220         26          0          4          0       1559   delay.o
       412         14          0          2          0       1900   key.o
     17780        178       6080          4         14      20813   lcd.o
        64          8          0          0          0        451   led.o
      4420       1096          0         12          0      10128   main.o
       172         22          0          0          0       1889   misc.o
       970         72         24          2         10       5238   rtc.o
        64         26        304          0       1536        760   startup_stm32f10x_hd.o
       486         24          0          0          0       8102   stm32f10x_adc.o
        72         10          0          0          0       2516   stm32f10x_bkp.o
       282          6          0          0          0       1689   stm32f10x_fsmc.o
       442          6          0          0          0       4656   stm32f10x_gpio.o
        26          0          0          0          0       3326   stm32f10x_it.o
        12          6          0          0          0        470   stm32f10x_pwr.o
       516         76          0         20          0       8294   stm32f10x_rcc.o
       260         48          0          0          0       4740   stm32f10x_rtc.o
       520         52          0          0          0       8595   stm32f10x_tim.o
       408          6          0          0          0       4742   stm32f10x_usart.o
       328         28          0         20          0       1877   system_stm32f10x.o
       320         12          0          0          0       1912   timer.o
       328         26          0          6        200       3872   usart.o
      3166       1330         40         28          0       7026   usmart.o
         0          0        167        284          0       1512   usmart_config.o
      1328         20          0          0          0       7969   usmart_str.o

    ----------------------------------------------------------------------
     32966       3116       6648        384       1760     386094   Object Totals
         0          0         32          0          0          0   (incl. Generated)
        32          0          1          2          0          0   (incl. Padding)

    ----------------------------------------------------------------------

      Code (inc. data)   RO Data    RW Data    ZI Data      Debug   Library Member Name

        90          0          0          0          0          0   __dczerorl2.o
         8          0          0          0          0         68   __main.o
       392          4         17          0          0         92   __printf_flags_ss_wp.o
        14          0          0          0          0         68   __printf_wp.o
         0          0          0          0          0          0   __rtentry.o
        12          0          0          0          0          0   __rtentry2.o
         6          0          0          0          0          0   __rtentry4.o
        52          8          0          0          0          0   __scatter.o
        28          0          0          0          0          0   __scatter_zi.o
         6          0          0          0          0          0   _printf_c.o
        44          0          0          0          0        108   _printf_char.o
        48          6          0          0          0         96   _printf_char_common.o
        36          4          0          0          0         80   _printf_char_file.o
         6          0          0          0          0          0   _printf_d.o
       120         16          0          0          0         92   _printf_dec.o
        88          4         40          0          0         88   _printf_hex_int.o
       178          0          0          0          0         88   _printf_intcommon.o
        78          0          0          0          0        108   _printf_pad.o
         0          0          0          0          0          0   _printf_percent.o
         4          0          0          0          0          0   _printf_percent_end.o
         6          0          0          0          0          0   _printf_s.o
        82          0          0          0          0         80   _printf_str.o
         6          0          0          0          0          0   _printf_u.o
         6          0          0          0          0          0   _printf_x.o
        18          0          0          0          0         80   exit.o
         8          0          0          0          0         68   ferror.o
         6          0          0          0          0        152   heapauxi.o
         2          0          0          0          0          0   libinit.o
         2          0          0          0          0          0   libinit2.o
         2          0          0          0          0          0   libshutdown.o
         2          0          0          0          0          0   libshutdown2.o
         8          4          0          0         96         68   libspace.o
        24          4          0          0          0         84   noretval__2printf.o
         2          0          0          0          0          0   rtexit.o
        10          0          0          0          0          0   rtexit2.o
        72          0          0          0          0         80   strcpy.o
        74          0          0          0          0         80   sys_stackheap_outer.o
         2          0          0          0          0         68   use_no_semi.o
         2          0          0          0          0         68   use_no_semi_2.o
        90          4          0          0          0         92   dfixu.o
        38          0          0          0          0         68   dflt_clz.o
       340         12          0          0          0        104   dmul.o
       156          4          0          0          0         92   dnaninf.o
        12          0          0          0          0         68   dretinf.o
         0          0          0          0          0          0   usenofp.o

    ----------------------------------------------------------------------
      2186         70         60          0         96       2140   Library Totals
         6          0          3          0          0          0   (incl. Padding)

    ----------------------------------------------------------------------

      Code (inc. data)   RO Data    RW Data    ZI Data      Debug   Library Name

      1544         50         57          0         96       1716   c_w.l
       636         20          0          0          0        424   fz_ws.l

    ----------------------------------------------------------------------
      2186         70         60          0         96       2140   Library Totals

    ----------------------------------------------------------------------

==============================================================================


      Code (inc. data)   RO Data    RW Data    ZI Data      Debug   

     35152       3186       6708        384       1856     379286   Grand Totals
     35152       3186       6708        120       1856     379286   ELF Image Totals (compressed)
     35152       3186       6708        120          0          0   ROM Totals

==============================================================================

    Total RO  Size (Code + RO Data)                41860 (  40.88kB)
    Total RW  Size (RW Data + ZI Data)              2240 (   2.19kB)
    Total ROM Size (Code + RO Data + RW Data)      41980 (  41.00kB)

==============================================================================

