<html>
<body>
<pre>
<h1>礦ision Build Log</h1>
<h2>Tool Versions:</h2>
IDE-Version: μVision V5.25.0.0
Copyright (C) 2017 ARM Ltd and ARM Germany GmbH. All rights reserved.
License Information: wen wen, wen, LIC=JDA0P-M7B18-NTN3G-VHD87-KYDSF-R1VI6
 
Tool Versions:
Toolchain:       MDK-ARM Professional  Version: 5.25.0.0
Toolchain Path:  D:\Keil_uvision\ARM\ARMCC\Bin
C Compiler:      Armcc.exe V5.06 update 6 (build 750)
Assembler:       Armasm.exe V5.06 update 6 (build 750)
Linker/Locator:  ArmLink.exe V5.06 update 6 (build 750)
Library Manager: ArmAr.exe V5.06 update 6 (build 750)
Hex Converter:   FromElf.exe V5.06 update 6 (build 750)
CPU DLL:         SARMCM3.DLL V5.25.0.0
Dialog DLL:      DCM.DLL V1.17.0.0
Target DLL:      STLink\ST-LINKIII-KEIL_SWO.dll V3.0.1.0
Dialog DLL:      TCM.DLL V1.34.0.0
 
<h2>Project:</h2>
E:\多功能风扇\USER\FAN.uvprojx
Project File Date:  04/12/2025

<h2>Output:</h2>
*** Using Compiler 'V5.06 update 6 (build 750)', folder: 'D:\Keil_uvision\ARM\ARMCC\Bin'
Build target 'Target 1'
assembling startup_stm32f10x_hd.s...
compiling core_cm3.c...
compiling dcmotor.c...
compiling led.c...
compiling rtc.c...
compiling beep.c...
compiling lcd.c...
compiling timer.c...
compiling key.c...
compiling adc.c...
compiling misc.c...
compiling stm32f10x_dbgmcu.c...
compiling stm32f10x_gpio.c...
compiling stm32f10x_usart.c...
compiling stm32f10x_rcc.c...
compiling stm32f10x_bkp.c...
compiling stm32f10x_rtc.c...
compiling stm32f10x_fsmc.c...
compiling stm32f10x_pwr.c...
compiling stm32f10x_tim.c...
compiling delay.c...
compiling stm32f10x_adc.c...
compiling usmart_config.c...
compiling usart.c...
compiling usmart.c...
compiling sys.c...
compiling usmart_str.c...
compiling main.c...
main.c(557): warning:  #177-D: variable "autoreload"  was declared but never referenced
  	u16 autoreload = 719;  
main.c(558): warning:  #177-D: variable "prescaler"  was declared but never referenced
  	u16 prescaler = 0;
main.c: 2 warnings, 0 errors
compiling stm32f10x_it.c...
compiling system_stm32f10x.c...
linking...
Program Size: Code=35152 RO-data=6708 RW-data=384 ZI-data=1856  
FromELF: creating hex file...
".\Objects\FAN.axf" - 0 Error(s), 2 Warning(s).

<h2>Software Packages used:</h2>

Package Vendor: Keil
                http://www.keil.com/pack/Keil.STM32F1xx_DFP.2.3.0.pack
                Keil.STM32F1xx_DFP.2.3.0
                STMicroelectronics STM32F1 Series Device Support, Drivers and Examples

<h2>Collection of Component include folders:</h2>
  .\RTE\_Target_1
  D:\Keil_uvision\ARM\PACK\Keil\STM32F1xx_DFP\2.3.0\Device\Include

<h2>Collection of Component Files used:</h2>
Build Time Elapsed:  00:00:03
</pre>
</body>
</html>
